******************************************************************************
                  TI ARM Linker PC v18.1.4                     
******************************************************************************
>> Linked Fri Dec  6 00:40:03 2019

OUTPUT FILE NAME:   <SP_LED.ROTATEv2.out>
ENTRY POINT SYMBOL: "_c_int00_noargs"  address: 00002c0d


MEMORY CONFIGURATION

         name            origin    length      used     unused   attr    fill
----------------------  --------  ---------  --------  --------  ----  --------
  FLASH                 00000000   00040000  000044b8  0003bb48  R  X
  SRAM                  20000000   00008000  00000476  00007b8a  RW X


SEGMENT ALLOCATION MAP

run origin  load origin   length   init length attrs members
----------  ----------- ---------- ----------- ----- -------
00000000    00000000    000044b8   000044b8    r-x
  00000000    00000000    0000026c   0000026c    r-- .intvecs
  0000026c    0000026c    00002c08   00002c08    r-x .text
  00002e74    00002e74    00001614   00001614    r-- .const
  00004488    00004488    00000030   00000030    r-- .cinit
20000000    20000000    0000047a   00000000    rw-
  20000000    20000000    0000026c   00000000    rw- .vtable
  20000270    20000270    00000200   00000000    rw- .stack
  20000470    20000470    0000000a   00000000    rw- .data


SECTION ALLOCATION MAP

 output                                  attributes/
section   page    origin      length       input sections
--------  ----  ----------  ----------   ----------------
.intvecs   0    00000000    0000026c     
                  00000000    0000026c     tm4c123gh6pm_startup_ccs.obj (.intvecs)

.text      0    0000026c    00002c08     
                  0000026c    00000abc     interrupts.obj (.text)
                  00000d28    0000097c     main.obj (.text)
                  000016a4    00000770     sseg.obj (.text)
                  00001e14    000001e0     led.obj (.text)
                  00001ff4    000001dc     setup.obj (.text)
                  000021d0    000001d4     uart_out.obj (.text)
                  000023a4    0000013c     rtcc.obj (.text)
                  000024e0    00000132     driverlib.lib : gpio.obj (.text:GPIOPadConfigSet)
                  00002612    00000002     --HOLE-- [fill = 0]
                  00002614    00000110                   : sysctl.obj (.text:SysCtlClockGet)
                  00002724    000000f4                   : sysctl.obj (.text:SysCtlClockSet)
                  00002818    0000009c     rtsv7M4_T_le_v4SPD16_eabi.lib : memcpy_t2.asm.obj (.text)
                  000028b4    0000007c     misc.obj (.text)
                  00002930    00000068     driverlib.lib : interrupt.obj (.text:IntEnable)
                  00002998    00000068     rtsv7M4_T_le_v4SPD16_eabi.lib : copy_decompress_lzss.c.obj (.text:decompress:lzss:__TI_decompress_lzss)
                  00002a00    00000056     driverlib.lib : gpio.obj (.text:GPIOIntTypeSet)
                  00002a56    00000002     --HOLE-- [fill = 0]
                  00002a58    00000050                   : sysctl.obj (.text:SysCtlPeripheralReset)
                  00002aa8    0000004c                   : i2c.obj (.text:I2CMasterInitExpClk)
                  00002af4    00000048                   : gpio.obj (.text:GPIOPinConfigure)
                  00002b3c    00000046                   : uart.obj (.text:UARTConfigSetExpClk)
                  00002b82    00000002     --HOLE-- [fill = 0]
                  00002b84    00000044                   : gpio.obj (.text:_GPIOIntNumberGet)
                  00002bc8    00000044     rtsv7M4_T_le_v4SPD16_eabi.lib : autoinit.c.obj (.text:__TI_auto_init_nobinit_nopinit:__TI_auto_init_nobinit_nopinit)
                  00002c0c    00000038                                   : boot_cortex_m.c.obj (.text:_c_int00_noargs:_c_int00_noargs)
                  00002c44    00000034     driverlib.lib : interrupt.obj (.text:IntRegister)
                  00002c78    00000034                   : sysctl.obj (.text:SysCtlPeripheralEnable)
                  00002cac    0000002a                   : gpio.obj (.text:GPIODirModeSet)
                  00002cd6    00000002     --HOLE-- [fill = 0]
                  00002cd8    00000020                   : uart.obj (.text:UARTDisable)
                  00002cf8    00000018                   : gpio.obj (.text:GPIOIntRegister)
                  00002d10    00000018                   : gpio.obj (.text:GPIOPinTypeGPIOOutput)
                  00002d28    00000014                   : uart.obj (.text:UARTEnable)
                  00002d3c    00000014     rtsv7M4_T_le_v4SPD16_eabi.lib : strlen.c.obj (.text:strlen)
                  00002d50    00000012     driverlib.lib : gpio.obj (.text:GPIOPinTypeGPIOInput)
                  00002d62    00000012                   : gpio.obj (.text:GPIOPinTypeI2C)
                  00002d74    00000012                   : gpio.obj (.text:GPIOPinTypeI2CSCL)
                  00002d86    00000012                   : gpio.obj (.text:GPIOPinTypeUART)
                  00002d98    00000012     rtsv7M4_T_le_v4SPD16_eabi.lib : copy_zero_init.c.obj (.text:decompress:ZI:__TI_zero_init_nomemset:__TI_zero_init_nomemset)
                  00002daa    00000010     driverlib.lib : interrupt.obj (.text:IntMasterDisable)
                  00002dba    00000010                   : interrupt.obj (.text:IntMasterEnable)
                  00002dca    0000000e                   : gpio.obj (.text:GPIOIntDisable)
                  00002dd8    0000000e                   : gpio.obj (.text:GPIOIntStatus)
                  00002de6    0000000e     rtsv7M4_T_le_v4SPD16_eabi.lib : copy_decompress_none.c.obj (.text:decompress:none:__TI_decompress_none)
                  00002df4    0000000c     driverlib.lib : cpu.obj (.text:CPUcpsid)
                  00002e00    0000000c                   : cpu.obj (.text:CPUcpsie)
                  00002e0c    0000000c                   : gpio.obj (.text:GPIOIntEnable)
                  00002e18    0000000c     tm4c123gh6pm_startup_ccs.obj (.text)
                  00002e24    0000000a     driverlib.lib : i2c.obj (.text:I2CMasterEnable)
                  00002e2e    0000000a                   : uart.obj (.text:UARTCharPut)
                  00002e38    00000008                   : i2c.obj (.text:I2CMasterBusy)
                  00002e40    00000008                   : i2c.obj (.text:I2CMasterSlaveAddrSet)
                  00002e48    00000006                   : gpio.obj (.text:GPIOIntClear)
                  00002e4e    00000006                   : gpio.obj (.text:GPIOPinRead)
                  00002e54    00000006                   : gpio.obj (.text:GPIOPinWrite)
                  00002e5a    00000006                   : sysctl.obj (.text:SysCtlDelay)
                  00002e60    00000004                   : i2c.obj (.text:I2CMasterControl)
                  00002e64    00000004                   : i2c.obj (.text:I2CMasterDataGet)
                  00002e68    00000004                   : i2c.obj (.text:I2CMasterDataPut)
                  00002e6c    00000004     rtsv7M4_T_le_v4SPD16_eabi.lib : pre_init.c.obj (.text:_system_pre_init)
                  00002e70    00000004                                   : exit.c.obj (.text:abort:abort)

.const     0    00002e74    00001614     
                  00002e74    00000960     interrupts.obj (.const:LED_HC)
                  000037d4    0000044c     interrupts.obj (.const:LED_MAP)
                  00003c20    00000190     uart_out.obj (.const:$P$T2$3)
                  00003db0    00000190     uart_out.obj (.const:$P$T3$4)
                  00003f40    0000017c     uart_out.obj (.const:$P$T1$2)
                  000040bc    000000d8     driverlib.lib : gpio.obj (.const:g_ppui32GPIOIntMapSnowflake)
                  00004194    000000c0                   : gpio.obj (.const:g_ppui32GPIOIntMapBlizzard)
                  00004254    000000a0     uart_out.obj (.const:$P$T0$1)
                  000042f4    00000090     driverlib.lib : gpio.obj (.const:g_pui32GPIOBaseAddrs)
                  00004384    00000070                   : interrupt.obj (.const)
                  000043f4    0000006c                   : sysctl.obj (.const:g_pui32Xtals)
                  00004460    00000014     interrupts.obj (.const:LED_HH)
                  00004474    00000014     interrupts.obj (.const:LED_MH)

.cinit     0    00004488    00000030     
                  00004488    0000000c     (__TI_handler_table)
                  00004494    0000000b     (.cinit..data.load) [load image, compression = lzss]
                  0000449f    00000001     --HOLE-- [fill = 0]
                  000044a0    00000008     (.cinit..vtable.load) [load image, compression = zero_init]
                  000044a8    00000010     (__TI_cinit_table)

.init_array 
*          0    00000000    00000000     UNINITIALIZED

.vtable    0    20000000    0000026c     UNINITIALIZED
                  20000000    0000026c     driverlib.lib : interrupt.obj (.vtable)

.data      0    20000470    0000000a     UNINITIALIZED
                  20000470    0000000a     main.obj (.data)

.stack     0    20000270    00000200     UNINITIALIZED
                  20000270    00000004     rtsv7M4_T_le_v4SPD16_eabi.lib : boot_cortex_m.c.obj (.stack)
                  20000274    000001fc     --HOLE--

MODULE SUMMARY

       Module                         code    ro data   rw data
       ------                         ----    -------   -------
    .\
       interrupts.obj                 2748    3540      0      
       main.obj                       2428    0         10     
       sseg.obj                       1904    0         0      
       uart_out.obj                   468     1340      0      
       tm4c123gh6pm_startup_ccs.obj   12      620       0      
       led.obj                        480     0         0      
       setup.obj                      476     0         0      
       rtcc.obj                       316     0         0      
       misc.obj                       124     0         0      
    +--+------------------------------+-------+---------+---------+
       Total:                         8956    5500      10     
                                                               
    C:/ti/TivaWare_C_Series-2.1.4.178/driverlib/ccs/Debug/driverlib.lib
       gpio.obj                       752     552       0      
       interrupt.obj                  188     112       620    
       sysctl.obj                     654     108       0      
       uart.obj                       132     0         0      
       i2c.obj                        114     0         0      
       cpu.obj                        24      0         0      
    +--+------------------------------+-------+---------+---------+
       Total:                         1864    772       620    
                                                               
    C:\ti\ccsv8\tools\compiler\ti-cgt-arm_18.1.4.LTS\lib\rtsv7M4_T_le_v4SPD16_eabi.lib
       memcpy_t2.asm.obj              156     0         0      
       copy_decompress_lzss.c.obj     104     0         0      
       autoinit.c.obj                 68      0         0      
       boot_cortex_m.c.obj            56      0         0      
       strlen.c.obj                   20      0         0      
       copy_zero_init.c.obj           18      0         0      
       copy_decompress_none.c.obj     14      0         0      
       exit.c.obj                     4       0         0      
       pre_init.c.obj                 4       0         0      
    +--+------------------------------+-------+---------+---------+
       Total:                         444     0         0      
                                                               
       Stack:                         0       0         512    
       Linker Generated:              0       47        0      
    +--+------------------------------+-------+---------+---------+
       Grand Total:                   11264   6319      1142   


LINKER GENERATED COPY TABLES

__TI_cinit_table @ 000044a8 records: 2, size/record: 8, table size: 16
	.data: load addr=00004494, load size=0000000b bytes, run addr=20000470, run size=0000000a bytes, compression=lzss
	.vtable: load addr=000044a0, load size=00000008 bytes, run addr=20000000, run size=0000026c bytes, compression=zero_init


LINKER GENERATED HANDLER TABLE

__TI_handler_table @ 00004488 records: 3, size/record: 4, table size: 12
	index: 0, handler: __TI_zero_init
	index: 1, handler: __TI_decompress_lzss
	index: 2, handler: __TI_decompress_none


GLOBAL SYMBOLS: SORTED ALPHABETICALLY BY Name 

address   name                          
-------   ----                          
00001e15  AdjustBrightness              
0000160d  ButtonPoll                    
00002e71  C$$EXIT                       
00002df5  CPUcpsid                      
00002e01  CPUcpsie                      
00002cad  GPIODirModeSet                
00002e49  GPIOIntClear                  
00002dcb  GPIOIntDisable                
00002e0d  GPIOIntEnable                 
00002cf9  GPIOIntRegister               
00002dd9  GPIOIntStatus                 
00002a01  GPIOIntTypeSet                
000024e1  GPIOPadConfigSet              
00002af5  GPIOPinConfigure              
00002e4f  GPIOPinRead                   
00002d51  GPIOPinTypeGPIOInput          
00002d11  GPIOPinTypeGPIOOutput         
00002d63  GPIOPinTypeI2C                
00002d75  GPIOPinTypeI2CSCL             
00002d87  GPIOPinTypeUART               
00002e55  GPIOPinWrite                  
0000026d  HallEffectSensorHandler       
00002e39  I2CMasterBusy                 
00002e61  I2CMasterControl              
00002e65  I2CMasterDataGet              
00002e69  I2CMasterDataPut              
00002e25  I2CMasterEnable               
00002aa9  I2CMasterInitExpClk           
00002e41  I2CMasterSlaveAddrSet         
00002485  I2CReceive                    
000023a5  I2CSend                       
00002931  IntEnable                     
00002dab  IntMasterDisable              
00002dbb  IntMasterEnable               
00002c45  IntRegister                   
00002e74  LED_HC                        
00004460  LED_HH                        
000037d4  LED_MAP                       
00004474  LED_MH                        
00001fbf  LightColumn                   
00002e19  ResetISR                      
00001ecb  SendColor                     
00002615  SysCtlClockGet                
00002725  SysCtlClockSet                
00002e5b  SysCtlDelay                   
00002c79  SysCtlPeripheralEnable        
00002a59  SysCtlPeripheralReset         
00002e2f  UARTCharPut                   
00002b3d  UARTConfigSetExpClk           
00002cd9  UARTDisable                   
00002d29  UARTEnable                    
0000223f  UART_OutMonth                 
000022af  UART_OutString                
0000231f  UART_OutString2               
000021d1  UART_OutWeekDay               
20000470  __STACK_END                   
00000200  __STACK_SIZE                  
20000470  __STACK_TOP                   
000044a8  __TI_CINIT_Base               
000044b8  __TI_CINIT_Limit              
00004488  __TI_Handler_Table_Base       
00004494  __TI_Handler_Table_Limit      
00002bc9  __TI_auto_init_nobinit_nopinit
00002999  __TI_decompress_lzss          
00002de7  __TI_decompress_none          
ffffffff  __TI_pprof_out_hndl           
ffffffff  __TI_prof_data_size           
ffffffff  __TI_prof_data_start          
00000000  __TI_static_base__            
00002d99  __TI_zero_init_nomemset       
00002819  __aeabi_memcpy                
00002819  __aeabi_memcpy4               
00002819  __aeabi_memcpy8               
ffffffff  __binit__                     
ffffffff  __c_args__                    
UNDEFED   __mpu_init                    
20000270  __stack                       
00002c0d  _c_int00_noargs               
UNDEFED   _system_post_cinit            
00002e6d  _system_pre_init              
00002e71  abort                         
000028db  bcd_to_dec                    
ffffffff  binit                         
000028b5  dec_to_bcd                    
000028fb  delay_ms                      
00002915  delay_us                      
20000471  display_toggle                
20000000  g_pfnRAMVectors               
00000000  g_pfnVectors                  
20000478  hour                          
20000474  led_value                     
00000d29  main                          
00002819  memcpy                        
20000479  minute                        
20000470  rotation_count                
00001ff5  setup                         
00001daf  sseg_clear                    
000017b5  sseg_decoder                  
00001785  sseg_digit_clear              
00001729  sseg_digit_select             
000016a5  sseg_message                  
00002d3d  strlen                        


GLOBAL SYMBOLS: SORTED BY Symbol Address 

address   name                          
-------   ----                          
00000000  __TI_static_base__            
00000000  g_pfnVectors                  
00000200  __STACK_SIZE                  
0000026d  HallEffectSensorHandler       
00000d29  main                          
0000160d  ButtonPoll                    
000016a5  sseg_message                  
00001729  sseg_digit_select             
00001785  sseg_digit_clear              
000017b5  sseg_decoder                  
00001daf  sseg_clear                    
00001e15  AdjustBrightness              
00001ecb  SendColor                     
00001fbf  LightColumn                   
00001ff5  setup                         
000021d1  UART_OutWeekDay               
0000223f  UART_OutMonth                 
000022af  UART_OutString                
0000231f  UART_OutString2               
000023a5  I2CSend                       
00002485  I2CReceive                    
000024e1  GPIOPadConfigSet              
00002615  SysCtlClockGet                
00002725  SysCtlClockSet                
00002819  __aeabi_memcpy                
00002819  __aeabi_memcpy4               
00002819  __aeabi_memcpy8               
00002819  memcpy                        
000028b5  dec_to_bcd                    
000028db  bcd_to_dec                    
000028fb  delay_ms                      
00002915  delay_us                      
00002931  IntEnable                     
00002999  __TI_decompress_lzss          
00002a01  GPIOIntTypeSet                
00002a59  SysCtlPeripheralReset         
00002aa9  I2CMasterInitExpClk           
00002af5  GPIOPinConfigure              
00002b3d  UARTConfigSetExpClk           
00002bc9  __TI_auto_init_nobinit_nopinit
00002c0d  _c_int00_noargs               
00002c45  IntRegister                   
00002c79  SysCtlPeripheralEnable        
00002cad  GPIODirModeSet                
00002cd9  UARTDisable                   
00002cf9  GPIOIntRegister               
00002d11  GPIOPinTypeGPIOOutput         
00002d29  UARTEnable                    
00002d3d  strlen                        
00002d51  GPIOPinTypeGPIOInput          
00002d63  GPIOPinTypeI2C                
00002d75  GPIOPinTypeI2CSCL             
00002d87  GPIOPinTypeUART               
00002d99  __TI_zero_init_nomemset       
00002dab  IntMasterDisable              
00002dbb  IntMasterEnable               
00002dcb  GPIOIntDisable                
00002dd9  GPIOIntStatus                 
00002de7  __TI_decompress_none          
00002df5  CPUcpsid                      
00002e01  CPUcpsie                      
00002e0d  GPIOIntEnable                 
00002e19  ResetISR                      
00002e25  I2CMasterEnable               
00002e2f  UARTCharPut                   
00002e39  I2CMasterBusy                 
00002e41  I2CMasterSlaveAddrSet         
00002e49  GPIOIntClear                  
00002e4f  GPIOPinRead                   
00002e55  GPIOPinWrite                  
00002e5b  SysCtlDelay                   
00002e61  I2CMasterControl              
00002e65  I2CMasterDataGet              
00002e69  I2CMasterDataPut              
00002e6d  _system_pre_init              
00002e71  C$$EXIT                       
00002e71  abort                         
00002e74  LED_HC                        
000037d4  LED_MAP                       
00004460  LED_HH                        
00004474  LED_MH                        
00004488  __TI_Handler_Table_Base       
00004494  __TI_Handler_Table_Limit      
000044a8  __TI_CINIT_Base               
000044b8  __TI_CINIT_Limit              
20000000  g_pfnRAMVectors               
20000270  __stack                       
20000470  __STACK_END                   
20000470  __STACK_TOP                   
20000470  rotation_count                
20000471  display_toggle                
20000474  led_value                     
20000478  hour                          
20000479  minute                        
ffffffff  __TI_pprof_out_hndl           
ffffffff  __TI_prof_data_size           
ffffffff  __TI_prof_data_start          
ffffffff  __binit__                     
ffffffff  __c_args__                    
ffffffff  binit                         
UNDEFED   __mpu_init                    
UNDEFED   _system_post_cinit            

[102 symbols]
