******************************************************************************
                  TI ARM Linker PC v18.1.4                     
******************************************************************************
>> Linked Sun Aug  4 17:18:20 2019

OUTPUT FILE NAME:   <SP_LED.ROTATEv2.out>
ENTRY POINT SYMBOL: "_c_int00_noargs"  address: 00001f89


MEMORY CONFIGURATION

         name            origin    length      used     unused   attr    fill
----------------------  --------  ---------  --------  --------  ----  --------
  FLASH                 00000000   00040000  0000277c  0003d884  R  X
  SRAM                  20000000   00008000  00000201  00007dff  RW X


SEGMENT ALLOCATION MAP

run origin  load origin   length   init length attrs members
----------  ----------- ---------- ----------- ----- -------
00000000    00000000    00002780   00002780    r-x
  00000000    00000000    0000026c   0000026c    r-- .intvecs
  0000026c    0000026c    00001ec0   00001ec0    r-x .text
  0000212c    0000212c    00000638   00000638    r-- .const
  00002768    00002768    00000018   00000018    r-- .cinit
20000000    20000000    00000201   00000000    rw-
  20000000    20000000    00000200   00000000    rw- .stack
  20000200    20000200    00000001   00000000    rw- .data


SECTION ALLOCATION MAP

 output                                  attributes/
section   page    origin      length       input sections
--------  ----  ----------  ----------   ----------------
.intvecs   0    00000000    0000026c     
                  00000000    0000026c     tm4c123gh6pm_startup_ccs.obj (.intvecs)

.text      0    0000026c    00001ec0     
                  0000026c    00000b18     main.obj (.text)
                  00000d84    00000770     sseg.obj (.text)
                  000014f4    000001d4     uart_out.obj (.text)
                  000016c8    0000019c     setup.obj (.text)
                  00001864    00000178     rtcc.obj (.text)
                  000019dc    00000132     driverlib.lib : gpio.obj (.text:GPIOPadConfigSet)
                  00001b0e    00000002     --HOLE-- [fill = 0]
                  00001b10    00000110                   : sysctl.obj (.text:SysCtlClockGet)
                  00001c20    000000f4                   : sysctl.obj (.text:SysCtlClockSet)
                  00001d14    0000009c     rtsv7M4_T_le_v4SPD16_eabi.lib : memcpy_t2.asm.obj (.text)
                  00001db0    00000068                                   : copy_decompress_lzss.c.obj (.text:decompress:lzss:__TI_decompress_lzss)
                  00001e18    00000050     driverlib.lib : sysctl.obj (.text:SysCtlPeripheralReset)
                  00001e68    0000004c                   : i2c.obj (.text:I2CMasterInitExpClk)
                  00001eb4    00000048                   : gpio.obj (.text:GPIOPinConfigure)
                  00001efc    00000046                   : uart.obj (.text:UARTConfigSetExpClk)
                  00001f42    00000002     --HOLE-- [fill = 0]
                  00001f44    00000044     rtsv7M4_T_le_v4SPD16_eabi.lib : autoinit.c.obj (.text:__TI_auto_init_nobinit_nopinit:__TI_auto_init_nobinit_nopinit)
                  00001f88    00000038                                   : boot_cortex_m.c.obj (.text:_c_int00_noargs:_c_int00_noargs)
                  00001fc0    00000034     driverlib.lib : sysctl.obj (.text:SysCtlPeripheralEnable)
                  00001ff4    0000002a                   : gpio.obj (.text:GPIODirModeSet)
                  0000201e    00000002     --HOLE-- [fill = 0]
                  00002020    00000020                   : uart.obj (.text:UARTDisable)
                  00002040    00000018                   : gpio.obj (.text:GPIOPinTypeGPIOOutput)
                  00002058    00000014                   : uart.obj (.text:UARTEnable)
                  0000206c    00000014     rtsv7M4_T_le_v4SPD16_eabi.lib : strlen.c.obj (.text:strlen)
                  00002080    00000012     driverlib.lib : gpio.obj (.text:GPIOPinTypeGPIOInput)
                  00002092    00000012                   : gpio.obj (.text:GPIOPinTypeI2C)
                  000020a4    00000012                   : gpio.obj (.text:GPIOPinTypeI2CSCL)
                  000020b6    00000012                   : gpio.obj (.text:GPIOPinTypeUART)
                  000020c8    0000000e     rtsv7M4_T_le_v4SPD16_eabi.lib : copy_decompress_none.c.obj (.text:decompress:none:__TI_decompress_none)
                  000020d6    0000000c     tm4c123gh6pm_startup_ccs.obj (.text)
                  000020e2    0000000a     driverlib.lib : i2c.obj (.text:I2CMasterEnable)
                  000020ec    0000000a                   : uart.obj (.text:UARTCharPut)
                  000020f6    00000008                   : i2c.obj (.text:I2CMasterBusy)
                  000020fe    00000008                   : i2c.obj (.text:I2CMasterSlaveAddrSet)
                  00002106    00000006                   : gpio.obj (.text:GPIOPinRead)
                  0000210c    00000006                   : gpio.obj (.text:GPIOPinWrite)
                  00002112    00000006                   : sysctl.obj (.text:SysCtlDelay)
                  00002118    00000004                   : i2c.obj (.text:I2CMasterControl)
                  0000211c    00000004                   : i2c.obj (.text:I2CMasterDataGet)
                  00002120    00000004                   : i2c.obj (.text:I2CMasterDataPut)
                  00002124    00000004     rtsv7M4_T_le_v4SPD16_eabi.lib : pre_init.c.obj (.text:_system_pre_init)
                  00002128    00000004                                   : exit.c.obj (.text:abort:abort)

.const     0    0000212c    00000638     
                  0000212c    00000190     uart_out.obj (.const:$P$T2$3)
                  000022bc    00000190     uart_out.obj (.const:$P$T3$4)
                  0000244c    0000017c     uart_out.obj (.const:$P$T1$2)
                  000025c8    000000a0     uart_out.obj (.const:$P$T0$1)
                  00002668    00000090     driverlib.lib : gpio.obj (.const:g_pui32GPIOBaseAddrs)
                  000026f8    0000006c                   : sysctl.obj (.const:g_pui32Xtals)

.cinit     0    00002768    00000018     
                  00002768    00000008     (__TI_handler_table)
                  00002770    00000005     (.cinit..data.load) [load image, compression = lzss]
                  00002775    00000003     --HOLE-- [fill = 0]
                  00002778    00000008     (__TI_cinit_table)

.init_array 
*          0    00000000    00000000     UNINITIALIZED

.data      0    20000200    00000001     UNINITIALIZED
                  20000200    00000001     main.obj (.data)

.stack     0    20000000    00000200     UNINITIALIZED
                  20000000    00000004     rtsv7M4_T_le_v4SPD16_eabi.lib : boot_cortex_m.c.obj (.stack)
                  20000004    000001fc     --HOLE--

MODULE SUMMARY

       Module                         code   ro data   rw data
       ------                         ----   -------   -------
    .\
       main.obj                       2840   0         1      
       sseg.obj                       1904   0         0      
       uart_out.obj                   468    1340      0      
       tm4c123gh6pm_startup_ccs.obj   12     620       0      
       setup.obj                      412    0         0      
       rtcc.obj                       376    0         0      
    +--+------------------------------+------+---------+---------+
       Total:                         6012   1960      1      
                                                              
    C:/ti/TivaWare_C_Series-2.1.4.178/driverlib/ccs/Debug/driverlib.lib
       sysctl.obj                     654    108       0      
       gpio.obj                       528    144       0      
       uart.obj                       132    0         0      
       i2c.obj                        114    0         0      
    +--+------------------------------+------+---------+---------+
       Total:                         1428   252       0      
                                                              
    C:\ti\ccsv8\tools\compiler\ti-cgt-arm_18.1.4.LTS\lib\rtsv7M4_T_le_v4SPD16_eabi.lib
       memcpy_t2.asm.obj              156    0         0      
       copy_decompress_lzss.c.obj     104    0         0      
       autoinit.c.obj                 68     0         0      
       boot_cortex_m.c.obj            56     0         0      
       strlen.c.obj                   20     0         0      
       copy_decompress_none.c.obj     14     0         0      
       exit.c.obj                     4      0         0      
       pre_init.c.obj                 4      0         0      
    +--+------------------------------+------+---------+---------+
       Total:                         426    0         0      
                                                              
       Stack:                         0      0         512    
       Linker Generated:              0      21        0      
    +--+------------------------------+------+---------+---------+
       Grand Total:                   7866   2233      513    


LINKER GENERATED COPY TABLES

__TI_cinit_table @ 00002778 records: 1, size/record: 8, table size: 8
	.data: load addr=00002770, load size=00000005 bytes, run addr=20000200, run size=00000001 bytes, compression=lzss


LINKER GENERATED HANDLER TABLE

__TI_handler_table @ 00002768 records: 2, size/record: 4, table size: 8
	index: 0, handler: __TI_decompress_lzss
	index: 1, handler: __TI_decompress_none


GLOBAL SYMBOLS: SORTED ALPHABETICALLY BY Name 

address   name                          
-------   ----                          
00002129  C$$EXIT                       
00001ff5  GPIODirModeSet                
000019dd  GPIOPadConfigSet              
00001eb5  GPIOPinConfigure              
00002107  GPIOPinRead                   
00002081  GPIOPinTypeGPIOInput          
00002041  GPIOPinTypeGPIOOutput         
00002093  GPIOPinTypeI2C                
000020a5  GPIOPinTypeI2CSCL             
000020b7  GPIOPinTypeUART               
0000210d  GPIOPinWrite                  
000020f7  I2CMasterBusy                 
00002119  I2CMasterControl              
0000211d  I2CMasterDataGet              
00002121  I2CMasterDataPut              
000020e3  I2CMasterEnable               
00001e69  I2CMasterInitExpClk           
000020ff  I2CMasterSlaveAddrSet         
00001945  I2CReceive                    
00001865  I2CSend                       
000020d7  ResetISR                      
00000c3d  SendColor                     
00001b11  SysCtlClockGet                
00001c21  SysCtlClockSet                
00002113  SysCtlDelay                   
00001fc1  SysCtlPeripheralEnable        
00001e19  SysCtlPeripheralReset         
000020ed  UARTCharPut                   
00001efd  UARTConfigSetExpClk           
00002021  UARTDisable                   
00002059  UARTEnable                    
00001563  UART_OutMonth                 
000015d3  UART_OutString                
00001643  UART_OutString2               
000014f5  UART_OutWeekDay               
20000200  __STACK_END                   
00000200  __STACK_SIZE                  
20000200  __STACK_TOP                   
00002778  __TI_CINIT_Base               
00002780  __TI_CINIT_Limit              
00002768  __TI_Handler_Table_Base       
00002770  __TI_Handler_Table_Limit      
00001f45  __TI_auto_init_nobinit_nopinit
00001db1  __TI_decompress_lzss          
000020c9  __TI_decompress_none          
ffffffff  __TI_pprof_out_hndl           
ffffffff  __TI_prof_data_size           
ffffffff  __TI_prof_data_start          
00000000  __TI_static_base__            
00001d15  __aeabi_memcpy                
00001d15  __aeabi_memcpy4               
00001d15  __aeabi_memcpy8               
ffffffff  __binit__                     
ffffffff  __c_args__                    
UNDEFED   __mpu_init                    
20000000  __stack                       
00001f89  _c_int00_noargs               
UNDEFED   _system_post_cinit            
00002125  _system_pre_init              
00002129  abort                         
00000b79  adjust_brightness             
000019bd  bcd_to_dec                    
ffffffff  binit                         
20000200  brightness_toggle             
00000ad5  button_poll                   
0000199d  dec_to_bcd                    
00000d47  delay_ms                      
00000d61  delay_us                      
00000000  g_pfnVectors                  
0000026d  main                          
00001d15  memcpy                        
000016c9  setup                         
0000148f  sseg_clear                    
00000e95  sseg_decoder                  
00000e65  sseg_digit_clear              
00000e09  sseg_digit_select             
00000d85  sseg_message                  
0000206d  strlen                        


GLOBAL SYMBOLS: SORTED BY Symbol Address 

address   name                          
-------   ----                          
00000000  __TI_static_base__            
00000000  g_pfnVectors                  
00000200  __STACK_SIZE                  
0000026d  main                          
00000ad5  button_poll                   
00000b79  adjust_brightness             
00000c3d  SendColor                     
00000d47  delay_ms                      
00000d61  delay_us                      
00000d85  sseg_message                  
00000e09  sseg_digit_select             
00000e65  sseg_digit_clear              
00000e95  sseg_decoder                  
0000148f  sseg_clear                    
000014f5  UART_OutWeekDay               
00001563  UART_OutMonth                 
000015d3  UART_OutString                
00001643  UART_OutString2               
000016c9  setup                         
00001865  I2CSend                       
00001945  I2CReceive                    
0000199d  dec_to_bcd                    
000019bd  bcd_to_dec                    
000019dd  GPIOPadConfigSet              
00001b11  SysCtlClockGet                
00001c21  SysCtlClockSet                
00001d15  __aeabi_memcpy                
00001d15  __aeabi_memcpy4               
00001d15  __aeabi_memcpy8               
00001d15  memcpy                        
00001db1  __TI_decompress_lzss          
00001e19  SysCtlPeripheralReset         
00001e69  I2CMasterInitExpClk           
00001eb5  GPIOPinConfigure              
00001efd  UARTConfigSetExpClk           
00001f45  __TI_auto_init_nobinit_nopinit
00001f89  _c_int00_noargs               
00001fc1  SysCtlPeripheralEnable        
00001ff5  GPIODirModeSet                
00002021  UARTDisable                   
00002041  GPIOPinTypeGPIOOutput         
00002059  UARTEnable                    
0000206d  strlen                        
00002081  GPIOPinTypeGPIOInput          
00002093  GPIOPinTypeI2C                
000020a5  GPIOPinTypeI2CSCL             
000020b7  GPIOPinTypeUART               
000020c9  __TI_decompress_none          
000020d7  ResetISR                      
000020e3  I2CMasterEnable               
000020ed  UARTCharPut                   
000020f7  I2CMasterBusy                 
000020ff  I2CMasterSlaveAddrSet         
00002107  GPIOPinRead                   
0000210d  GPIOPinWrite                  
00002113  SysCtlDelay                   
00002119  I2CMasterControl              
0000211d  I2CMasterDataGet              
00002121  I2CMasterDataPut              
00002125  _system_pre_init              
00002129  C$$EXIT                       
00002129  abort                         
00002768  __TI_Handler_Table_Base       
00002770  __TI_Handler_Table_Limit      
00002778  __TI_CINIT_Base               
00002780  __TI_CINIT_Limit              
20000000  __stack                       
20000200  __STACK_END                   
20000200  __STACK_TOP                   
20000200  brightness_toggle             
ffffffff  __TI_pprof_out_hndl           
ffffffff  __TI_prof_data_size           
ffffffff  __TI_prof_data_start          
ffffffff  __binit__                     
ffffffff  __c_args__                    
ffffffff  binit                         
UNDEFED   __mpu_init                    
UNDEFED   _system_post_cinit            

[78 symbols]
