******************************************************************************
                  TI ARM Linker PC v18.1.4                     
******************************************************************************
>> Linked Sun Sep 22 22:46:57 2019

OUTPUT FILE NAME:   <SP_LED.ROTATEv2.out>
ENTRY POINT SYMBOL: "_c_int00_noargs"  address: 00002a5d


MEMORY CONFIGURATION

         name            origin    length      used     unused   attr    fill
----------------------  --------  ---------  --------  --------  ----  --------
  FLASH                 00000000   00040000  00004308  0003bcf8  R  X
  SRAM                  20000000   00008000  00000476  00007b8a  RW X


SEGMENT ALLOCATION MAP

run origin  load origin   length   init length attrs members
----------  ----------- ---------- ----------- ----- -------
00000000    00000000    00004308   00004308    r-x
  00000000    00000000    0000026c   0000026c    r-- .intvecs
  0000026c    0000026c    00002a58   00002a58    r-x .text
  00002cc4    00002cc4    00001614   00001614    r-- .const
  000042d8    000042d8    00000030   00000030    r-- .cinit
20000000    20000000    0000047a   00000000    rw-
  20000000    20000000    0000026c   00000000    rw- .vtable
  20000270    20000270    00000200   00000000    rw- .stack
  20000470    20000470    0000000a   00000000    rw- .data


SECTION ALLOCATION MAP

 output                                  attributes/
section   page    origin      length       input sections
--------  ----  ----------  ----------   ----------------
.intvecs   0    00000000    0000026c     
                  00000000    0000026c     tm4c123gh6pm_startup_ccs.obj (.intvecs)

.text      0    0000026c    00002a58     
                  0000026c    000009d8     main.obj (.text)
                  00000c44    000008c0     interrupts.obj (.text)
                  00001504    00000770     sseg.obj (.text)
                  00001c74    000001dc     setup.obj (.text)
                  00001e50    000001d4     uart_out.obj (.text)
                  00002024    000001bc     led.obj (.text)
                  000021e0    0000013c     rtcc.obj (.text)
                  0000231c    00000132     driverlib.lib : gpio.obj (.text:GPIOPadConfigSet)
                  0000244e    00000002     --HOLE-- [fill = 0]
                  00002450    00000110                   : sysctl.obj (.text:SysCtlClockGet)
                  00002560    000000f4                   : sysctl.obj (.text:SysCtlClockSet)
                  00002654    0000009c     rtsv7M4_T_le_v4SPD16_eabi.lib : memcpy_t2.asm.obj (.text)
                  000026f0    00000090     misc.obj (.text)
                  00002780    00000068     driverlib.lib : interrupt.obj (.text:IntEnable)
                  000027e8    00000068     rtsv7M4_T_le_v4SPD16_eabi.lib : copy_decompress_lzss.c.obj (.text:decompress:lzss:__TI_decompress_lzss)
                  00002850    00000056     driverlib.lib : gpio.obj (.text:GPIOIntTypeSet)
                  000028a6    00000002     --HOLE-- [fill = 0]
                  000028a8    00000050                   : sysctl.obj (.text:SysCtlPeripheralReset)
                  000028f8    0000004c                   : i2c.obj (.text:I2CMasterInitExpClk)
                  00002944    00000048                   : gpio.obj (.text:GPIOPinConfigure)
                  0000298c    00000046                   : uart.obj (.text:UARTConfigSetExpClk)
                  000029d2    00000002     --HOLE-- [fill = 0]
                  000029d4    00000044                   : gpio.obj (.text:_GPIOIntNumberGet)
                  00002a18    00000044     rtsv7M4_T_le_v4SPD16_eabi.lib : autoinit.c.obj (.text:__TI_auto_init_nobinit_nopinit:__TI_auto_init_nobinit_nopinit)
                  00002a5c    00000038                                   : boot_cortex_m.c.obj (.text:_c_int00_noargs:_c_int00_noargs)
                  00002a94    00000034     driverlib.lib : interrupt.obj (.text:IntRegister)
                  00002ac8    00000034                   : sysctl.obj (.text:SysCtlPeripheralEnable)
                  00002afc    0000002a                   : gpio.obj (.text:GPIODirModeSet)
                  00002b26    00000002     --HOLE-- [fill = 0]
                  00002b28    00000020                   : uart.obj (.text:UARTDisable)
                  00002b48    00000018                   : gpio.obj (.text:GPIOIntRegister)
                  00002b60    00000018                   : gpio.obj (.text:GPIOPinTypeGPIOOutput)
                  00002b78    00000014                   : uart.obj (.text:UARTEnable)
                  00002b8c    00000014     rtsv7M4_T_le_v4SPD16_eabi.lib : strlen.c.obj (.text:strlen)
                  00002ba0    00000012     driverlib.lib : gpio.obj (.text:GPIOPinTypeGPIOInput)
                  00002bb2    00000012                   : gpio.obj (.text:GPIOPinTypeI2C)
                  00002bc4    00000012                   : gpio.obj (.text:GPIOPinTypeI2CSCL)
                  00002bd6    00000012                   : gpio.obj (.text:GPIOPinTypeUART)
                  00002be8    00000012     rtsv7M4_T_le_v4SPD16_eabi.lib : copy_zero_init.c.obj (.text:decompress:ZI:__TI_zero_init_nomemset:__TI_zero_init_nomemset)
                  00002bfa    00000010     driverlib.lib : interrupt.obj (.text:IntMasterDisable)
                  00002c0a    00000010                   : interrupt.obj (.text:IntMasterEnable)
                  00002c1a    0000000e                   : gpio.obj (.text:GPIOIntDisable)
                  00002c28    0000000e                   : gpio.obj (.text:GPIOIntStatus)
                  00002c36    0000000e     rtsv7M4_T_le_v4SPD16_eabi.lib : copy_decompress_none.c.obj (.text:decompress:none:__TI_decompress_none)
                  00002c44    0000000c     driverlib.lib : cpu.obj (.text:CPUcpsid)
                  00002c50    0000000c                   : cpu.obj (.text:CPUcpsie)
                  00002c5c    0000000c                   : gpio.obj (.text:GPIOIntEnable)
                  00002c68    0000000c     tm4c123gh6pm_startup_ccs.obj (.text)
                  00002c74    0000000a     driverlib.lib : i2c.obj (.text:I2CMasterEnable)
                  00002c7e    0000000a                   : uart.obj (.text:UARTCharPut)
                  00002c88    00000008                   : i2c.obj (.text:I2CMasterBusy)
                  00002c90    00000008                   : i2c.obj (.text:I2CMasterSlaveAddrSet)
                  00002c98    00000006                   : gpio.obj (.text:GPIOIntClear)
                  00002c9e    00000006                   : gpio.obj (.text:GPIOPinRead)
                  00002ca4    00000006                   : gpio.obj (.text:GPIOPinWrite)
                  00002caa    00000006                   : sysctl.obj (.text:SysCtlDelay)
                  00002cb0    00000004                   : i2c.obj (.text:I2CMasterControl)
                  00002cb4    00000004                   : i2c.obj (.text:I2CMasterDataGet)
                  00002cb8    00000004                   : i2c.obj (.text:I2CMasterDataPut)
                  00002cbc    00000004     rtsv7M4_T_le_v4SPD16_eabi.lib : pre_init.c.obj (.text:_system_pre_init)
                  00002cc0    00000004                                   : exit.c.obj (.text:abort:abort)

.const     0    00002cc4    00001614     
                  00002cc4    00000960     interrupts.obj (.const:LED_HC)
                  00003624    0000044c     interrupts.obj (.const:LED_MAP)
                  00003a70    00000190     uart_out.obj (.const:$P$T2$3)
                  00003c00    00000190     uart_out.obj (.const:$P$T3$4)
                  00003d90    0000017c     uart_out.obj (.const:$P$T1$2)
                  00003f0c    000000d8     driverlib.lib : gpio.obj (.const:g_ppui32GPIOIntMapSnowflake)
                  00003fe4    000000c0                   : gpio.obj (.const:g_ppui32GPIOIntMapBlizzard)
                  000040a4    000000a0     uart_out.obj (.const:$P$T0$1)
                  00004144    00000090     driverlib.lib : gpio.obj (.const:g_pui32GPIOBaseAddrs)
                  000041d4    00000070                   : interrupt.obj (.const)
                  00004244    0000006c                   : sysctl.obj (.const:g_pui32Xtals)
                  000042b0    00000014     interrupts.obj (.const:LED_HH)
                  000042c4    00000014     interrupts.obj (.const:LED_MH)

.cinit     0    000042d8    00000030     
                  000042d8    0000000c     (__TI_handler_table)
                  000042e4    0000000b     (.cinit..data.load) [load image, compression = lzss]
                  000042ef    00000001     --HOLE-- [fill = 0]
                  000042f0    00000008     (.cinit..vtable.load) [load image, compression = zero_init]
                  000042f8    00000010     (__TI_cinit_table)

.init_array 
*          0    00000000    00000000     UNINITIALIZED

.vtable    0    20000000    0000026c     UNINITIALIZED
                  20000000    0000026c     driverlib.lib : interrupt.obj (.vtable)

.data      0    20000470    0000000a     UNINITIALIZED
                  20000470    0000000a     main.obj (.data)

.stack     0    20000270    00000200     UNINITIALIZED
                  20000270    00000004     rtsv7M4_T_le_v4SPD16_eabi.lib : boot_cortex_m.c.obj (.stack)
                  20000274    000001fc     --HOLE--

MODULE SUMMARY

       Module                         code    ro data   rw data
       ------                         ----    -------   -------
    .\
       interrupts.obj                 2240    3540      0      
       main.obj                       2520    0         10     
       sseg.obj                       1904    0         0      
       uart_out.obj                   468     1340      0      
       tm4c123gh6pm_startup_ccs.obj   12      620       0      
       setup.obj                      476     0         0      
       led.obj                        444     0         0      
       rtcc.obj                       316     0         0      
       misc.obj                       144     0         0      
    +--+------------------------------+-------+---------+---------+
       Total:                         8524    5500      10     
                                                               
    C:/ti/TivaWare_C_Series-2.1.4.178/driverlib/ccs/Debug/driverlib.lib
       gpio.obj                       752     552       0      
       interrupt.obj                  188     112       620    
       sysctl.obj                     654     108       0      
       uart.obj                       132     0         0      
       i2c.obj                        114     0         0      
       cpu.obj                        24      0         0      
    +--+------------------------------+-------+---------+---------+
       Total:                         1864    772       620    
                                                               
    C:\ti\ccsv8\tools\compiler\ti-cgt-arm_18.1.4.LTS\lib\rtsv7M4_T_le_v4SPD16_eabi.lib
       memcpy_t2.asm.obj              156     0         0      
       copy_decompress_lzss.c.obj     104     0         0      
       autoinit.c.obj                 68      0         0      
       boot_cortex_m.c.obj            56      0         0      
       strlen.c.obj                   20      0         0      
       copy_zero_init.c.obj           18      0         0      
       copy_decompress_none.c.obj     14      0         0      
       exit.c.obj                     4       0         0      
       pre_init.c.obj                 4       0         0      
    +--+------------------------------+-------+---------+---------+
       Total:                         444     0         0      
                                                               
       Stack:                         0       0         512    
       Linker Generated:              0       47        0      
    +--+------------------------------+-------+---------+---------+
       Grand Total:                   10832   6319      1142   


LINKER GENERATED COPY TABLES

__TI_cinit_table @ 000042f8 records: 2, size/record: 8, table size: 16
	.data: load addr=000042e4, load size=0000000b bytes, run addr=20000470, run size=0000000a bytes, compression=lzss
	.vtable: load addr=000042f0, load size=00000008 bytes, run addr=20000000, run size=0000026c bytes, compression=zero_init


LINKER GENERATED HANDLER TABLE

__TI_handler_table @ 000042d8 records: 3, size/record: 4, table size: 12
	index: 0, handler: __TI_zero_init
	index: 1, handler: __TI_decompress_lzss
	index: 2, handler: __TI_decompress_none


GLOBAL SYMBOLS: SORTED ALPHABETICALLY BY Name 

address   name                          
-------   ----                          
00002cc1  C$$EXIT                       
00002c45  CPUcpsid                      
00002c51  CPUcpsie                      
00002afd  GPIODirModeSet                
00002c99  GPIOIntClear                  
00002c1b  GPIOIntDisable                
00002c5d  GPIOIntEnable                 
00002b49  GPIOIntRegister               
00002c29  GPIOIntStatus                 
00002851  GPIOIntTypeSet                
0000231d  GPIOPadConfigSet              
00002945  GPIOPinConfigure              
00002c9f  GPIOPinRead                   
00002ba1  GPIOPinTypeGPIOInput          
00002b61  GPIOPinTypeGPIOOutput         
00002bb3  GPIOPinTypeI2C                
00002bc5  GPIOPinTypeI2CSCL             
00002bd7  GPIOPinTypeUART               
00002ca5  GPIOPinWrite                  
00000c45  HallEffectSensorHandler       
00002c89  I2CMasterBusy                 
00002cb1  I2CMasterControl              
00002cb5  I2CMasterDataGet              
00002cb9  I2CMasterDataPut              
00002c75  I2CMasterEnable               
000028f9  I2CMasterInitExpClk           
00002c91  I2CMasterSlaveAddrSet         
000022c1  I2CReceive                    
000021e1  I2CSend                       
00002781  IntEnable                     
00002bfb  IntMasterDisable              
00002c0b  IntMasterEnable               
00002a95  IntRegister                   
00002cc4  LED_HC                        
000042b0  LED_HH                        
00003624  LED_MAP                       
000042c4  LED_MH                        
00002c69  ResetISR                      
00002451  SysCtlClockGet                
00002561  SysCtlClockSet                
00002cab  SysCtlDelay                   
00002ac9  SysCtlPeripheralEnable        
000028a9  SysCtlPeripheralReset         
00002c7f  UARTCharPut                   
0000298d  UARTConfigSetExpClk           
00002b29  UARTDisable                   
00002b79  UARTEnable                    
00001ebf  UART_OutMonth                 
00001f2f  UART_OutString                
00001f9f  UART_OutString2               
00001e51  UART_OutWeekDay               
20000470  __STACK_END                   
00000200  __STACK_SIZE                  
20000470  __STACK_TOP                   
000042f8  __TI_CINIT_Base               
00004308  __TI_CINIT_Limit              
000042d8  __TI_Handler_Table_Base       
000042e4  __TI_Handler_Table_Limit      
00002a19  __TI_auto_init_nobinit_nopinit
000027e9  __TI_decompress_lzss          
00002c37  __TI_decompress_none          
ffffffff  __TI_pprof_out_hndl           
ffffffff  __TI_prof_data_size           
ffffffff  __TI_prof_data_start          
00000000  __TI_static_base__            
00002be9  __TI_zero_init_nomemset       
00002655  __aeabi_memcpy                
00002655  __aeabi_memcpy4               
00002655  __aeabi_memcpy8               
ffffffff  __binit__                     
ffffffff  __c_args__                    
UNDEFED   __mpu_init                    
20000270  __stack                       
00002a5d  _c_int00_noargs               
UNDEFED   _system_post_cinit            
00002cbd  _system_pre_init              
00002cc1  abort                         
00002025  adjust_brightness             
00002717  bcd_to_dec                    
ffffffff  binit                         
00000b8f  button_poll                   
000026f1  dec_to_bcd                    
00002737  delay_ms                      
00002751  delay_us                      
20000471  display_toggle                
20000000  g_pfnRAMVectors               
00000000  g_pfnVectors                  
20000478  hour                          
00002769  hour_reg_mask                 
20000474  led_value                     
0000026d  main                          
00002655  memcpy                        
20000479  minute                        
20000470  rotation_count                
000020db  send_color                    
00001c75  setup                         
00001c0f  sseg_clear                    
00001615  sseg_decoder                  
000015e5  sseg_digit_clear              
00001589  sseg_digit_select             
00001505  sseg_message                  
00002b8d  strlen                        


GLOBAL SYMBOLS: SORTED BY Symbol Address 

address   name                          
-------   ----                          
00000000  __TI_static_base__            
00000000  g_pfnVectors                  
00000200  __STACK_SIZE                  
0000026d  main                          
00000b8f  button_poll                   
00000c45  HallEffectSensorHandler       
00001505  sseg_message                  
00001589  sseg_digit_select             
000015e5  sseg_digit_clear              
00001615  sseg_decoder                  
00001c0f  sseg_clear                    
00001c75  setup                         
00001e51  UART_OutWeekDay               
00001ebf  UART_OutMonth                 
00001f2f  UART_OutString                
00001f9f  UART_OutString2               
00002025  adjust_brightness             
000020db  send_color                    
000021e1  I2CSend                       
000022c1  I2CReceive                    
0000231d  GPIOPadConfigSet              
00002451  SysCtlClockGet                
00002561  SysCtlClockSet                
00002655  __aeabi_memcpy                
00002655  __aeabi_memcpy4               
00002655  __aeabi_memcpy8               
00002655  memcpy                        
000026f1  dec_to_bcd                    
00002717  bcd_to_dec                    
00002737  delay_ms                      
00002751  delay_us                      
00002769  hour_reg_mask                 
00002781  IntEnable                     
000027e9  __TI_decompress_lzss          
00002851  GPIOIntTypeSet                
000028a9  SysCtlPeripheralReset         
000028f9  I2CMasterInitExpClk           
00002945  GPIOPinConfigure              
0000298d  UARTConfigSetExpClk           
00002a19  __TI_auto_init_nobinit_nopinit
00002a5d  _c_int00_noargs               
00002a95  IntRegister                   
00002ac9  SysCtlPeripheralEnable        
00002afd  GPIODirModeSet                
00002b29  UARTDisable                   
00002b49  GPIOIntRegister               
00002b61  GPIOPinTypeGPIOOutput         
00002b79  UARTEnable                    
00002b8d  strlen                        
00002ba1  GPIOPinTypeGPIOInput          
00002bb3  GPIOPinTypeI2C                
00002bc5  GPIOPinTypeI2CSCL             
00002bd7  GPIOPinTypeUART               
00002be9  __TI_zero_init_nomemset       
00002bfb  IntMasterDisable              
00002c0b  IntMasterEnable               
00002c1b  GPIOIntDisable                
00002c29  GPIOIntStatus                 
00002c37  __TI_decompress_none          
00002c45  CPUcpsid                      
00002c51  CPUcpsie                      
00002c5d  GPIOIntEnable                 
00002c69  ResetISR                      
00002c75  I2CMasterEnable               
00002c7f  UARTCharPut                   
00002c89  I2CMasterBusy                 
00002c91  I2CMasterSlaveAddrSet         
00002c99  GPIOIntClear                  
00002c9f  GPIOPinRead                   
00002ca5  GPIOPinWrite                  
00002cab  SysCtlDelay                   
00002cb1  I2CMasterControl              
00002cb5  I2CMasterDataGet              
00002cb9  I2CMasterDataPut              
00002cbd  _system_pre_init              
00002cc1  C$$EXIT                       
00002cc1  abort                         
00002cc4  LED_HC                        
00003624  LED_MAP                       
000042b0  LED_HH                        
000042c4  LED_MH                        
000042d8  __TI_Handler_Table_Base       
000042e4  __TI_Handler_Table_Limit      
000042f8  __TI_CINIT_Base               
00004308  __TI_CINIT_Limit              
20000000  g_pfnRAMVectors               
20000270  __stack                       
20000470  __STACK_END                   
20000470  __STACK_TOP                   
20000470  rotation_count                
20000471  display_toggle                
20000474  led_value                     
20000478  hour                          
20000479  minute                        
ffffffff  __TI_pprof_out_hndl           
ffffffff  __TI_prof_data_size           
ffffffff  __TI_prof_data_start          
ffffffff  __binit__                     
ffffffff  __c_args__                    
ffffffff  binit                         
UNDEFED   __mpu_init                    
UNDEFED   _system_post_cinit            

[102 symbols]
