******************************************************************************
                  TI ARM Linker PC v18.1.4                     
******************************************************************************
>> Linked Wed Jul 10 16:48:50 2019

OUTPUT FILE NAME:   <SP_LED.ROTATEv2.out>
ENTRY POINT SYMBOL: "_c_int00_noargs"  address: 00001609


MEMORY CONFIGURATION

         name            origin    length      used     unused   attr    fill
----------------------  --------  ---------  --------  --------  ----  --------
  FLASH                 00000000   00040000  00001dfc  0003e204  R  X
  SRAM                  20000000   00008000  00000201  00007dff  RW X


SEGMENT ALLOCATION MAP

run origin  load origin   length   init length attrs members
----------  ----------- ---------- ----------- ----- -------
00000000    00000000    00001e00   00001e00    r-x
  00000000    00000000    0000026c   0000026c    r-- .intvecs
  0000026c    0000026c    00001540   00001540    r-x .text
  000017ac    000017ac    00000638   00000638    r-- .const
  00001de8    00001de8    00000018   00000018    r-- .cinit
20000000    20000000    00000201   00000000    rw-
  20000000    20000000    00000200   00000000    rw- .stack
  20000200    20000200    00000001   00000000    rw- .data


SECTION ALLOCATION MAP

 output                                  attributes/
section   page    origin      length       input sections
--------  ----  ----------  ----------   ----------------
.intvecs   0    00000000    0000026c     
                  00000000    0000026c     tm4c123gh6pm_startup_ccs.obj (.intvecs)

.text      0    0000026c    00001540     
                  0000026c    00000c1c     main.obj (.text)
                  00000e88    000001d4     uart_out.obj (.text)
                  0000105c    00000132     driverlib.lib : gpio.obj (.text:GPIOPadConfigSet)
                  0000118e    00000002     --HOLE-- [fill = 0]
                  00001190    00000110                   : sysctl.obj (.text:SysCtlClockGet)
                  000012a0    000000f4                   : sysctl.obj (.text:SysCtlClockSet)
                  00001394    0000009c     rtsv7M4_T_le_v4SPD16_eabi.lib : memcpy_t2.asm.obj (.text)
                  00001430    00000068                                   : copy_decompress_lzss.c.obj (.text:decompress:lzss:__TI_decompress_lzss)
                  00001498    00000050     driverlib.lib : sysctl.obj (.text:SysCtlPeripheralReset)
                  000014e8    0000004c                   : i2c.obj (.text:I2CMasterInitExpClk)
                  00001534    00000048                   : gpio.obj (.text:GPIOPinConfigure)
                  0000157c    00000046                   : uart.obj (.text:UARTConfigSetExpClk)
                  000015c2    00000002     --HOLE-- [fill = 0]
                  000015c4    00000044     rtsv7M4_T_le_v4SPD16_eabi.lib : autoinit.c.obj (.text:__TI_auto_init_nobinit_nopinit:__TI_auto_init_nobinit_nopinit)
                  00001608    00000038                                   : boot_cortex_m.c.obj (.text:_c_int00_noargs:_c_int00_noargs)
                  00001640    00000034     driverlib.lib : sysctl.obj (.text:SysCtlPeripheralEnable)
                  00001674    0000002a                   : gpio.obj (.text:GPIODirModeSet)
                  0000169e    00000002     --HOLE-- [fill = 0]
                  000016a0    00000020                   : uart.obj (.text:UARTDisable)
                  000016c0    00000018                   : gpio.obj (.text:GPIOPinTypeGPIOOutput)
                  000016d8    00000014                   : uart.obj (.text:UARTEnable)
                  000016ec    00000014     rtsv7M4_T_le_v4SPD16_eabi.lib : strlen.c.obj (.text:strlen)
                  00001700    00000012     driverlib.lib : gpio.obj (.text:GPIOPinTypeGPIOInput)
                  00001712    00000012                   : gpio.obj (.text:GPIOPinTypeI2C)
                  00001724    00000012                   : gpio.obj (.text:GPIOPinTypeI2CSCL)
                  00001736    00000012                   : gpio.obj (.text:GPIOPinTypeUART)
                  00001748    0000000e     rtsv7M4_T_le_v4SPD16_eabi.lib : copy_decompress_none.c.obj (.text:decompress:none:__TI_decompress_none)
                  00001756    0000000c     tm4c123gh6pm_startup_ccs.obj (.text)
                  00001762    0000000a     driverlib.lib : i2c.obj (.text:I2CMasterEnable)
                  0000176c    0000000a                   : uart.obj (.text:UARTCharPut)
                  00001776    00000008                   : i2c.obj (.text:I2CMasterBusy)
                  0000177e    00000008                   : i2c.obj (.text:I2CMasterSlaveAddrSet)
                  00001786    00000006                   : gpio.obj (.text:GPIOPinRead)
                  0000178c    00000006                   : gpio.obj (.text:GPIOPinWrite)
                  00001792    00000006                   : sysctl.obj (.text:SysCtlDelay)
                  00001798    00000004                   : i2c.obj (.text:I2CMasterControl)
                  0000179c    00000004                   : i2c.obj (.text:I2CMasterDataGet)
                  000017a0    00000004                   : i2c.obj (.text:I2CMasterDataPut)
                  000017a4    00000004     rtsv7M4_T_le_v4SPD16_eabi.lib : pre_init.c.obj (.text:_system_pre_init)
                  000017a8    00000004                                   : exit.c.obj (.text:abort:abort)

.const     0    000017ac    00000638     
                  000017ac    00000190     uart_out.obj (.const:$P$T2$3)
                  0000193c    00000190     uart_out.obj (.const:$P$T3$4)
                  00001acc    0000017c     uart_out.obj (.const:$P$T1$2)
                  00001c48    000000a0     uart_out.obj (.const:$P$T0$1)
                  00001ce8    00000090     driverlib.lib : gpio.obj (.const:g_pui32GPIOBaseAddrs)
                  00001d78    0000006c                   : sysctl.obj (.const:g_pui32Xtals)

.cinit     0    00001de8    00000018     
                  00001de8    00000008     (__TI_handler_table)
                  00001df0    00000005     (.cinit..data.load) [load image, compression = lzss]
                  00001df5    00000003     --HOLE-- [fill = 0]
                  00001df8    00000008     (__TI_cinit_table)

.init_array 
*          0    00000000    00000000     UNINITIALIZED

.data      0    20000200    00000001     UNINITIALIZED
                  20000200    00000001     main.obj (.data)

.stack     0    20000000    00000200     UNINITIALIZED
                  20000000    00000004     rtsv7M4_T_le_v4SPD16_eabi.lib : boot_cortex_m.c.obj (.stack)
                  20000004    000001fc     --HOLE--

MODULE SUMMARY

       Module                         code   ro data   rw data
       ------                         ----   -------   -------
    .\
       main.obj                       3100   0         1      
       uart_out.obj                   468    1340      0      
       tm4c123gh6pm_startup_ccs.obj   12     620       0      
    +--+------------------------------+------+---------+---------+
       Total:                         3580   1960      1      
                                                              
    C:/ti/TivaWare_C_Series-2.1.4.178/driverlib/ccs/Debug/driverlib.lib
       sysctl.obj                     654    108       0      
       gpio.obj                       528    144       0      
       uart.obj                       132    0         0      
       i2c.obj                        114    0         0      
    +--+------------------------------+------+---------+---------+
       Total:                         1428   252       0      
                                                              
    C:\ti\ccsv8\tools\compiler\ti-cgt-arm_18.1.4.LTS\lib\rtsv7M4_T_le_v4SPD16_eabi.lib
       memcpy_t2.asm.obj              156    0         0      
       copy_decompress_lzss.c.obj     104    0         0      
       autoinit.c.obj                 68     0         0      
       boot_cortex_m.c.obj            56     0         0      
       strlen.c.obj                   20     0         0      
       copy_decompress_none.c.obj     14     0         0      
       exit.c.obj                     4      0         0      
       pre_init.c.obj                 4      0         0      
    +--+------------------------------+------+---------+---------+
       Total:                         426    0         0      
                                                              
       Stack:                         0      0         512    
       Linker Generated:              0      21        0      
    +--+------------------------------+------+---------+---------+
       Grand Total:                   5434   2233      513    


LINKER GENERATED COPY TABLES

__TI_cinit_table @ 00001df8 records: 1, size/record: 8, table size: 8
	.data: load addr=00001df0, load size=00000005 bytes, run addr=20000200, run size=00000001 bytes, compression=lzss


LINKER GENERATED HANDLER TABLE

__TI_handler_table @ 00001de8 records: 2, size/record: 4, table size: 8
	index: 0, handler: __TI_decompress_lzss
	index: 1, handler: __TI_decompress_none


GLOBAL SYMBOLS: SORTED ALPHABETICALLY BY Name 

address   name                          
-------   ----                          
000017a9  C$$EXIT                       
00001675  GPIODirModeSet                
0000105d  GPIOPadConfigSet              
00001535  GPIOPinConfigure              
00001787  GPIOPinRead                   
00001701  GPIOPinTypeGPIOInput          
000016c1  GPIOPinTypeGPIOOutput         
00001713  GPIOPinTypeI2C                
00001725  GPIOPinTypeI2CSCL             
00001737  GPIOPinTypeUART               
0000178d  GPIOPinWrite                  
00001777  I2CMasterBusy                 
00001799  I2CMasterControl              
0000179d  I2CMasterDataGet              
000017a1  I2CMasterDataPut              
00001763  I2CMasterEnable               
000014e9  I2CMasterInitExpClk           
0000177f  I2CMasterSlaveAddrSet         
00000cd3  I2CReceive                    
00000bf3  I2CSend                       
00001757  ResetISR                      
00000d3d  SendColor                     
00001191  SysCtlClockGet                
000012a1  SysCtlClockSet                
00001793  SysCtlDelay                   
00001641  SysCtlPeripheralEnable        
00001499  SysCtlPeripheralReset         
0000176d  UARTCharPut                   
0000157d  UARTConfigSetExpClk           
000016a1  UARTDisable                   
000016d9  UARTEnable                    
00000ef7  UART_OutMonth                 
00000f67  UART_OutString                
00000fd7  UART_OutString2               
00000e89  UART_OutWeekDay               
20000200  __STACK_END                   
00000200  __STACK_SIZE                  
20000200  __STACK_TOP                   
00001df8  __TI_CINIT_Base               
00001e00  __TI_CINIT_Limit              
00001de8  __TI_Handler_Table_Base       
00001df0  __TI_Handler_Table_Limit      
000015c5  __TI_auto_init_nobinit_nopinit
00001431  __TI_decompress_lzss          
00001749  __TI_decompress_none          
ffffffff  __TI_pprof_out_hndl           
ffffffff  __TI_prof_data_size           
ffffffff  __TI_prof_data_start          
00000000  __TI_static_base__            
00001395  __aeabi_memcpy                
00001395  __aeabi_memcpy4               
00001395  __aeabi_memcpy8               
ffffffff  __binit__                     
ffffffff  __c_args__                    
UNDEFED   __mpu_init                    
20000000  __stack                       
00001609  _c_int00_noargs               
UNDEFED   _system_post_cinit            
000017a5  _system_pre_init              
000017a9  abort                         
00000b41  adjust_brightness             
00000b23  bcd_to_dec                    
ffffffff  binit                         
20000200  brightness_toggle             
00000a9d  button_poll                   
00000b03  dec_to_bcd                    
00000e4f  delay_ms                      
00000e69  delay_us                      
00000000  g_pfnVectors                  
0000026d  main                          
00001395  memcpy                        
000016ed  strlen                        


GLOBAL SYMBOLS: SORTED BY Symbol Address 

address   name                          
-------   ----                          
00000000  __TI_static_base__            
00000000  g_pfnVectors                  
00000200  __STACK_SIZE                  
0000026d  main                          
00000a9d  button_poll                   
00000b03  dec_to_bcd                    
00000b23  bcd_to_dec                    
00000b41  adjust_brightness             
00000bf3  I2CSend                       
00000cd3  I2CReceive                    
00000d3d  SendColor                     
00000e4f  delay_ms                      
00000e69  delay_us                      
00000e89  UART_OutWeekDay               
00000ef7  UART_OutMonth                 
00000f67  UART_OutString                
00000fd7  UART_OutString2               
0000105d  GPIOPadConfigSet              
00001191  SysCtlClockGet                
000012a1  SysCtlClockSet                
00001395  __aeabi_memcpy                
00001395  __aeabi_memcpy4               
00001395  __aeabi_memcpy8               
00001395  memcpy                        
00001431  __TI_decompress_lzss          
00001499  SysCtlPeripheralReset         
000014e9  I2CMasterInitExpClk           
00001535  GPIOPinConfigure              
0000157d  UARTConfigSetExpClk           
000015c5  __TI_auto_init_nobinit_nopinit
00001609  _c_int00_noargs               
00001641  SysCtlPeripheralEnable        
00001675  GPIODirModeSet                
000016a1  UARTDisable                   
000016c1  GPIOPinTypeGPIOOutput         
000016d9  UARTEnable                    
000016ed  strlen                        
00001701  GPIOPinTypeGPIOInput          
00001713  GPIOPinTypeI2C                
00001725  GPIOPinTypeI2CSCL             
00001737  GPIOPinTypeUART               
00001749  __TI_decompress_none          
00001757  ResetISR                      
00001763  I2CMasterEnable               
0000176d  UARTCharPut                   
00001777  I2CMasterBusy                 
0000177f  I2CMasterSlaveAddrSet         
00001787  GPIOPinRead                   
0000178d  GPIOPinWrite                  
00001793  SysCtlDelay                   
00001799  I2CMasterControl              
0000179d  I2CMasterDataGet              
000017a1  I2CMasterDataPut              
000017a5  _system_pre_init              
000017a9  C$$EXIT                       
000017a9  abort                         
00001de8  __TI_Handler_Table_Base       
00001df0  __TI_Handler_Table_Limit      
00001df8  __TI_CINIT_Base               
00001e00  __TI_CINIT_Limit              
20000000  __stack                       
20000200  __STACK_END                   
20000200  __STACK_TOP                   
20000200  brightness_toggle             
ffffffff  __TI_pprof_out_hndl           
ffffffff  __TI_prof_data_size           
ffffffff  __TI_prof_data_start          
ffffffff  __binit__                     
ffffffff  __c_args__                    
ffffffff  binit                         
UNDEFED   __mpu_init                    
UNDEFED   _system_post_cinit            

[72 symbols]
