******************************************************************************
                  TI ARM Linker PC v18.1.4                     
******************************************************************************
>> Linked Fri Jul 19 16:41:42 2019

OUTPUT FILE NAME:   <SP_LED.ROTATEv2.out>
ENTRY POINT SYMBOL: "_c_int00_noargs"  address: 00001a35


MEMORY CONFIGURATION

         name            origin    length      used     unused   attr    fill
----------------------  --------  ---------  --------  --------  ----  --------
  FLASH                 00000000   00040000  00002228  0003ddd8  R  X
  SRAM                  20000000   00008000  00000201  00007dff  RW X


SEGMENT ALLOCATION MAP

run origin  load origin   length   init length attrs members
----------  ----------- ---------- ----------- ----- -------
00000000    00000000    00002228   00002228    r-x
  00000000    00000000    0000026c   0000026c    r-- .intvecs
  0000026c    0000026c    0000196c   0000196c    r-x .text
  00001bd8    00001bd8    00000638   00000638    r-- .const
  00002210    00002210    00000018   00000018    r-- .cinit
20000000    20000000    00000201   00000000    rw-
  20000000    20000000    00000200   00000000    rw- .stack
  20000200    20000200    00000001   00000000    rw- .data


SECTION ALLOCATION MAP

 output                                  attributes/
section   page    origin      length       input sections
--------  ----  ----------  ----------   ----------------
.intvecs   0    00000000    0000026c     
                  00000000    0000026c     tm4c123gh6pm_startup_ccs.obj (.intvecs)

.text      0    0000026c    0000196c     
                  0000026c    00001048     main.obj (.text)
                  000012b4    000001d4     uart_out.obj (.text)
                  00001488    00000132     driverlib.lib : gpio.obj (.text:GPIOPadConfigSet)
                  000015ba    00000002     --HOLE-- [fill = 0]
                  000015bc    00000110                   : sysctl.obj (.text:SysCtlClockGet)
                  000016cc    000000f4                   : sysctl.obj (.text:SysCtlClockSet)
                  000017c0    0000009c     rtsv7M4_T_le_v4SPD16_eabi.lib : memcpy_t2.asm.obj (.text)
                  0000185c    00000068                                   : copy_decompress_lzss.c.obj (.text:decompress:lzss:__TI_decompress_lzss)
                  000018c4    00000050     driverlib.lib : sysctl.obj (.text:SysCtlPeripheralReset)
                  00001914    0000004c                   : i2c.obj (.text:I2CMasterInitExpClk)
                  00001960    00000048                   : gpio.obj (.text:GPIOPinConfigure)
                  000019a8    00000046                   : uart.obj (.text:UARTConfigSetExpClk)
                  000019ee    00000002     --HOLE-- [fill = 0]
                  000019f0    00000044     rtsv7M4_T_le_v4SPD16_eabi.lib : autoinit.c.obj (.text:__TI_auto_init_nobinit_nopinit:__TI_auto_init_nobinit_nopinit)
                  00001a34    00000038                                   : boot_cortex_m.c.obj (.text:_c_int00_noargs:_c_int00_noargs)
                  00001a6c    00000034     driverlib.lib : sysctl.obj (.text:SysCtlPeripheralEnable)
                  00001aa0    0000002a                   : gpio.obj (.text:GPIODirModeSet)
                  00001aca    00000002     --HOLE-- [fill = 0]
                  00001acc    00000020                   : uart.obj (.text:UARTDisable)
                  00001aec    00000018                   : gpio.obj (.text:GPIOPinTypeGPIOOutput)
                  00001b04    00000014                   : uart.obj (.text:UARTEnable)
                  00001b18    00000014     rtsv7M4_T_le_v4SPD16_eabi.lib : strlen.c.obj (.text:strlen)
                  00001b2c    00000012     driverlib.lib : gpio.obj (.text:GPIOPinTypeGPIOInput)
                  00001b3e    00000012                   : gpio.obj (.text:GPIOPinTypeI2C)
                  00001b50    00000012                   : gpio.obj (.text:GPIOPinTypeI2CSCL)
                  00001b62    00000012                   : gpio.obj (.text:GPIOPinTypeUART)
                  00001b74    0000000e     rtsv7M4_T_le_v4SPD16_eabi.lib : copy_decompress_none.c.obj (.text:decompress:none:__TI_decompress_none)
                  00001b82    0000000c     tm4c123gh6pm_startup_ccs.obj (.text)
                  00001b8e    0000000a     driverlib.lib : i2c.obj (.text:I2CMasterEnable)
                  00001b98    0000000a                   : uart.obj (.text:UARTCharPut)
                  00001ba2    00000008                   : i2c.obj (.text:I2CMasterBusy)
                  00001baa    00000008                   : i2c.obj (.text:I2CMasterSlaveAddrSet)
                  00001bb2    00000006                   : gpio.obj (.text:GPIOPinRead)
                  00001bb8    00000006                   : gpio.obj (.text:GPIOPinWrite)
                  00001bbe    00000006                   : sysctl.obj (.text:SysCtlDelay)
                  00001bc4    00000004                   : i2c.obj (.text:I2CMasterControl)
                  00001bc8    00000004                   : i2c.obj (.text:I2CMasterDataGet)
                  00001bcc    00000004                   : i2c.obj (.text:I2CMasterDataPut)
                  00001bd0    00000004     rtsv7M4_T_le_v4SPD16_eabi.lib : pre_init.c.obj (.text:_system_pre_init)
                  00001bd4    00000004                                   : exit.c.obj (.text:abort:abort)

.const     0    00001bd8    00000638     
                  00001bd8    00000190     uart_out.obj (.const:$P$T2$3)
                  00001d68    00000190     uart_out.obj (.const:$P$T3$4)
                  00001ef8    0000017c     uart_out.obj (.const:$P$T1$2)
                  00002074    000000a0     uart_out.obj (.const:$P$T0$1)
                  00002114    00000090     driverlib.lib : gpio.obj (.const:g_pui32GPIOBaseAddrs)
                  000021a4    0000006c                   : sysctl.obj (.const:g_pui32Xtals)

.cinit     0    00002210    00000018     
                  00002210    00000008     (__TI_handler_table)
                  00002218    00000005     (.cinit..data.load) [load image, compression = lzss]
                  0000221d    00000003     --HOLE-- [fill = 0]
                  00002220    00000008     (__TI_cinit_table)

.init_array 
*          0    00000000    00000000     UNINITIALIZED

.data      0    20000200    00000001     UNINITIALIZED
                  20000200    00000001     main.obj (.data)

.stack     0    20000000    00000200     UNINITIALIZED
                  20000000    00000004     rtsv7M4_T_le_v4SPD16_eabi.lib : boot_cortex_m.c.obj (.stack)
                  20000004    000001fc     --HOLE--

MODULE SUMMARY

       Module                         code   ro data   rw data
       ------                         ----   -------   -------
    .\
       main.obj                       4168   0         1      
       uart_out.obj                   468    1340      0      
       tm4c123gh6pm_startup_ccs.obj   12     620       0      
    +--+------------------------------+------+---------+---------+
       Total:                         4648   1960      1      
                                                              
    C:/ti/TivaWare_C_Series-2.1.4.178/driverlib/ccs/Debug/driverlib.lib
       sysctl.obj                     654    108       0      
       gpio.obj                       528    144       0      
       uart.obj                       132    0         0      
       i2c.obj                        114    0         0      
    +--+------------------------------+------+---------+---------+
       Total:                         1428   252       0      
                                                              
    C:\ti\ccsv8\tools\compiler\ti-cgt-arm_18.1.4.LTS\lib\rtsv7M4_T_le_v4SPD16_eabi.lib
       memcpy_t2.asm.obj              156    0         0      
       copy_decompress_lzss.c.obj     104    0         0      
       autoinit.c.obj                 68     0         0      
       boot_cortex_m.c.obj            56     0         0      
       strlen.c.obj                   20     0         0      
       copy_decompress_none.c.obj     14     0         0      
       exit.c.obj                     4      0         0      
       pre_init.c.obj                 4      0         0      
    +--+------------------------------+------+---------+---------+
       Total:                         426    0         0      
                                                              
       Stack:                         0      0         512    
       Linker Generated:              0      21        0      
    +--+------------------------------+------+---------+---------+
       Grand Total:                   6502   2233      513    


LINKER GENERATED COPY TABLES

__TI_cinit_table @ 00002220 records: 1, size/record: 8, table size: 8
	.data: load addr=00002218, load size=00000005 bytes, run addr=20000200, run size=00000001 bytes, compression=lzss


LINKER GENERATED HANDLER TABLE

__TI_handler_table @ 00002210 records: 2, size/record: 4, table size: 8
	index: 0, handler: __TI_decompress_lzss
	index: 1, handler: __TI_decompress_none


GLOBAL SYMBOLS: SORTED ALPHABETICALLY BY Name 

address   name                          
-------   ----                          
00001bd5  C$$EXIT                       
00001aa1  GPIODirModeSet                
00001489  GPIOPadConfigSet              
00001961  GPIOPinConfigure              
00001bb3  GPIOPinRead                   
00001b2d  GPIOPinTypeGPIOInput          
00001aed  GPIOPinTypeGPIOOutput         
00001b3f  GPIOPinTypeI2C                
00001b51  GPIOPinTypeI2CSCL             
00001b63  GPIOPinTypeUART               
00001bb9  GPIOPinWrite                  
00001ba3  I2CMasterBusy                 
00001bc5  I2CMasterControl              
00001bc9  I2CMasterDataGet              
00001bcd  I2CMasterDataPut              
00001b8f  I2CMasterEnable               
00001915  I2CMasterInitExpClk           
00001bab  I2CMasterSlaveAddrSet         
00001103  I2CReceive                    
00001023  I2CSend                       
00001b83  ResetISR                      
00001169  SendColor                     
000015bd  SysCtlClockGet                
000016cd  SysCtlClockSet                
00001bbf  SysCtlDelay                   
00001a6d  SysCtlPeripheralEnable        
000018c5  SysCtlPeripheralReset         
00001b99  UARTCharPut                   
000019a9  UARTConfigSetExpClk           
00001acd  UARTDisable                   
00001b05  UARTEnable                    
00001323  UART_OutMonth                 
00001393  UART_OutString                
00001403  UART_OutString2               
000012b5  UART_OutWeekDay               
20000200  __STACK_END                   
00000200  __STACK_SIZE                  
20000200  __STACK_TOP                   
00002220  __TI_CINIT_Base               
00002228  __TI_CINIT_Limit              
00002210  __TI_Handler_Table_Base       
00002218  __TI_Handler_Table_Limit      
000019f1  __TI_auto_init_nobinit_nopinit
0000185d  __TI_decompress_lzss          
00001b75  __TI_decompress_none          
ffffffff  __TI_pprof_out_hndl           
ffffffff  __TI_prof_data_size           
ffffffff  __TI_prof_data_start          
00000000  __TI_static_base__            
000017c1  __aeabi_memcpy                
000017c1  __aeabi_memcpy4               
000017c1  __aeabi_memcpy8               
ffffffff  __binit__                     
ffffffff  __c_args__                    
UNDEFED   __mpu_init                    
20000000  __stack                       
00001a35  _c_int00_noargs               
UNDEFED   _system_post_cinit            
00001bd1  _system_pre_init              
00001bd5  abort                         
00000f71  adjust_brightness             
00000f53  bcd_to_dec                    
ffffffff  binit                         
20000200  brightness_toggle             
00000eb5  button_poll                   
00000f33  dec_to_bcd                    
00001279  delay_ms                      
00001293  delay_us                      
00000000  g_pfnVectors                  
0000026d  main                          
000017c1  memcpy                        
00000e53  sseg_clear                    
00000be1  sseg_decoder                  
00000bab  sseg_digit_clear              
00000b4f  sseg_digit_select             
00001b19  strlen                        


GLOBAL SYMBOLS: SORTED BY Symbol Address 

address   name                          
-------   ----                          
00000000  __TI_static_base__            
00000000  g_pfnVectors                  
00000200  __STACK_SIZE                  
0000026d  main                          
00000b4f  sseg_digit_select             
00000bab  sseg_digit_clear              
00000be1  sseg_decoder                  
00000e53  sseg_clear                    
00000eb5  button_poll                   
00000f33  dec_to_bcd                    
00000f53  bcd_to_dec                    
00000f71  adjust_brightness             
00001023  I2CSend                       
00001103  I2CReceive                    
00001169  SendColor                     
00001279  delay_ms                      
00001293  delay_us                      
000012b5  UART_OutWeekDay               
00001323  UART_OutMonth                 
00001393  UART_OutString                
00001403  UART_OutString2               
00001489  GPIOPadConfigSet              
000015bd  SysCtlClockGet                
000016cd  SysCtlClockSet                
000017c1  __aeabi_memcpy                
000017c1  __aeabi_memcpy4               
000017c1  __aeabi_memcpy8               
000017c1  memcpy                        
0000185d  __TI_decompress_lzss          
000018c5  SysCtlPeripheralReset         
00001915  I2CMasterInitExpClk           
00001961  GPIOPinConfigure              
000019a9  UARTConfigSetExpClk           
000019f1  __TI_auto_init_nobinit_nopinit
00001a35  _c_int00_noargs               
00001a6d  SysCtlPeripheralEnable        
00001aa1  GPIODirModeSet                
00001acd  UARTDisable                   
00001aed  GPIOPinTypeGPIOOutput         
00001b05  UARTEnable                    
00001b19  strlen                        
00001b2d  GPIOPinTypeGPIOInput          
00001b3f  GPIOPinTypeI2C                
00001b51  GPIOPinTypeI2CSCL             
00001b63  GPIOPinTypeUART               
00001b75  __TI_decompress_none          
00001b83  ResetISR                      
00001b8f  I2CMasterEnable               
00001b99  UARTCharPut                   
00001ba3  I2CMasterBusy                 
00001bab  I2CMasterSlaveAddrSet         
00001bb3  GPIOPinRead                   
00001bb9  GPIOPinWrite                  
00001bbf  SysCtlDelay                   
00001bc5  I2CMasterControl              
00001bc9  I2CMasterDataGet              
00001bcd  I2CMasterDataPut              
00001bd1  _system_pre_init              
00001bd5  C$$EXIT                       
00001bd5  abort                         
00002210  __TI_Handler_Table_Base       
00002218  __TI_Handler_Table_Limit      
00002220  __TI_CINIT_Base               
00002228  __TI_CINIT_Limit              
20000000  __stack                       
20000200  __STACK_END                   
20000200  __STACK_TOP                   
20000200  brightness_toggle             
ffffffff  __TI_pprof_out_hndl           
ffffffff  __TI_prof_data_size           
ffffffff  __TI_prof_data_start          
ffffffff  __binit__                     
ffffffff  __c_args__                    
ffffffff  binit                         
UNDEFED   __mpu_init                    
UNDEFED   _system_post_cinit            

[76 symbols]
