******************************************************************************
                  TI ARM Linker PC v18.1.4                     
******************************************************************************
>> Linked Fri Aug  2 16:44:15 2019

OUTPUT FILE NAME:   <SP_LED.ROTATEv2.out>
ENTRY POINT SYMBOL: "_c_int00_noargs"  address: 00001f81


MEMORY CONFIGURATION

         name            origin    length      used     unused   attr    fill
----------------------  --------  ---------  --------  --------  ----  --------
  FLASH                 00000000   00040000  00002774  0003d88c  R  X
  SRAM                  20000000   00008000  00000201  00007dff  RW X


SEGMENT ALLOCATION MAP

run origin  load origin   length   init length attrs members
----------  ----------- ---------- ----------- ----- -------
00000000    00000000    00002778   00002778    r-x
  00000000    00000000    0000026c   0000026c    r-- .intvecs
  0000026c    0000026c    00001eb8   00001eb8    r-x .text
  00002124    00002124    00000638   00000638    r-- .const
  00002760    00002760    00000018   00000018    r-- .cinit
20000000    20000000    00000201   00000000    rw-
  20000000    20000000    00000200   00000000    rw- .stack
  20000200    20000200    00000001   00000000    rw- .data


SECTION ALLOCATION MAP

 output                                  attributes/
section   page    origin      length       input sections
--------  ----  ----------  ----------   ----------------
.intvecs   0    00000000    0000026c     
                  00000000    0000026c     tm4c123gh6pm_startup_ccs.obj (.intvecs)

.text      0    0000026c    00001eb8     
                  0000026c    00001594     main.obj (.text)
                  00001800    000001d4     uart_out.obj (.text)
                  000019d4    00000132     driverlib.lib : gpio.obj (.text:GPIOPadConfigSet)
                  00001b06    00000002     --HOLE-- [fill = 0]
                  00001b08    00000110                   : sysctl.obj (.text:SysCtlClockGet)
                  00001c18    000000f4                   : sysctl.obj (.text:SysCtlClockSet)
                  00001d0c    0000009c     rtsv7M4_T_le_v4SPD16_eabi.lib : memcpy_t2.asm.obj (.text)
                  00001da8    00000068                                   : copy_decompress_lzss.c.obj (.text:decompress:lzss:__TI_decompress_lzss)
                  00001e10    00000050     driverlib.lib : sysctl.obj (.text:SysCtlPeripheralReset)
                  00001e60    0000004c                   : i2c.obj (.text:I2CMasterInitExpClk)
                  00001eac    00000048                   : gpio.obj (.text:GPIOPinConfigure)
                  00001ef4    00000046                   : uart.obj (.text:UARTConfigSetExpClk)
                  00001f3a    00000002     --HOLE-- [fill = 0]
                  00001f3c    00000044     rtsv7M4_T_le_v4SPD16_eabi.lib : autoinit.c.obj (.text:__TI_auto_init_nobinit_nopinit:__TI_auto_init_nobinit_nopinit)
                  00001f80    00000038                                   : boot_cortex_m.c.obj (.text:_c_int00_noargs:_c_int00_noargs)
                  00001fb8    00000034     driverlib.lib : sysctl.obj (.text:SysCtlPeripheralEnable)
                  00001fec    0000002a                   : gpio.obj (.text:GPIODirModeSet)
                  00002016    00000002     --HOLE-- [fill = 0]
                  00002018    00000020                   : uart.obj (.text:UARTDisable)
                  00002038    00000018                   : gpio.obj (.text:GPIOPinTypeGPIOOutput)
                  00002050    00000014                   : uart.obj (.text:UARTEnable)
                  00002064    00000014     rtsv7M4_T_le_v4SPD16_eabi.lib : strlen.c.obj (.text:strlen)
                  00002078    00000012     driverlib.lib : gpio.obj (.text:GPIOPinTypeGPIOInput)
                  0000208a    00000012                   : gpio.obj (.text:GPIOPinTypeI2C)
                  0000209c    00000012                   : gpio.obj (.text:GPIOPinTypeI2CSCL)
                  000020ae    00000012                   : gpio.obj (.text:GPIOPinTypeUART)
                  000020c0    0000000e     rtsv7M4_T_le_v4SPD16_eabi.lib : copy_decompress_none.c.obj (.text:decompress:none:__TI_decompress_none)
                  000020ce    0000000c     tm4c123gh6pm_startup_ccs.obj (.text)
                  000020da    0000000a     driverlib.lib : i2c.obj (.text:I2CMasterEnable)
                  000020e4    0000000a                   : uart.obj (.text:UARTCharPut)
                  000020ee    00000008                   : i2c.obj (.text:I2CMasterBusy)
                  000020f6    00000008                   : i2c.obj (.text:I2CMasterSlaveAddrSet)
                  000020fe    00000006                   : gpio.obj (.text:GPIOPinRead)
                  00002104    00000006                   : gpio.obj (.text:GPIOPinWrite)
                  0000210a    00000006                   : sysctl.obj (.text:SysCtlDelay)
                  00002110    00000004                   : i2c.obj (.text:I2CMasterControl)
                  00002114    00000004                   : i2c.obj (.text:I2CMasterDataGet)
                  00002118    00000004                   : i2c.obj (.text:I2CMasterDataPut)
                  0000211c    00000004     rtsv7M4_T_le_v4SPD16_eabi.lib : pre_init.c.obj (.text:_system_pre_init)
                  00002120    00000004                                   : exit.c.obj (.text:abort:abort)

.const     0    00002124    00000638     
                  00002124    00000190     uart_out.obj (.const:$P$T2$3)
                  000022b4    00000190     uart_out.obj (.const:$P$T3$4)
                  00002444    0000017c     uart_out.obj (.const:$P$T1$2)
                  000025c0    000000a0     uart_out.obj (.const:$P$T0$1)
                  00002660    00000090     driverlib.lib : gpio.obj (.const:g_pui32GPIOBaseAddrs)
                  000026f0    0000006c                   : sysctl.obj (.const:g_pui32Xtals)

.cinit     0    00002760    00000018     
                  00002760    00000008     (__TI_handler_table)
                  00002768    00000005     (.cinit..data.load) [load image, compression = lzss]
                  0000276d    00000003     --HOLE-- [fill = 0]
                  00002770    00000008     (__TI_cinit_table)

.init_array 
*          0    00000000    00000000     UNINITIALIZED

.data      0    20000200    00000001     UNINITIALIZED
                  20000200    00000001     main.obj (.data)

.stack     0    20000000    00000200     UNINITIALIZED
                  20000000    00000004     rtsv7M4_T_le_v4SPD16_eabi.lib : boot_cortex_m.c.obj (.stack)
                  20000004    000001fc     --HOLE--

MODULE SUMMARY

       Module                         code   ro data   rw data
       ------                         ----   -------   -------
    .\
       main.obj                       5524   0         1      
       uart_out.obj                   468    1340      0      
       tm4c123gh6pm_startup_ccs.obj   12     620       0      
    +--+------------------------------+------+---------+---------+
       Total:                         6004   1960      1      
                                                              
    C:/ti/TivaWare_C_Series-2.1.4.178/driverlib/ccs/Debug/driverlib.lib
       sysctl.obj                     654    108       0      
       gpio.obj                       528    144       0      
       uart.obj                       132    0         0      
       i2c.obj                        114    0         0      
    +--+------------------------------+------+---------+---------+
       Total:                         1428   252       0      
                                                              
    C:\ti\ccsv8\tools\compiler\ti-cgt-arm_18.1.4.LTS\lib\rtsv7M4_T_le_v4SPD16_eabi.lib
       memcpy_t2.asm.obj              156    0         0      
       copy_decompress_lzss.c.obj     104    0         0      
       autoinit.c.obj                 68     0         0      
       boot_cortex_m.c.obj            56     0         0      
       strlen.c.obj                   20     0         0      
       copy_decompress_none.c.obj     14     0         0      
       exit.c.obj                     4      0         0      
       pre_init.c.obj                 4      0         0      
    +--+------------------------------+------+---------+---------+
       Total:                         426    0         0      
                                                              
       Stack:                         0      0         512    
       Linker Generated:              0      21        0      
    +--+------------------------------+------+---------+---------+
       Grand Total:                   7858   2233      513    


LINKER GENERATED COPY TABLES

__TI_cinit_table @ 00002770 records: 1, size/record: 8, table size: 8
	.data: load addr=00002768, load size=00000005 bytes, run addr=20000200, run size=00000001 bytes, compression=lzss


LINKER GENERATED HANDLER TABLE

__TI_handler_table @ 00002760 records: 2, size/record: 4, table size: 8
	index: 0, handler: __TI_decompress_lzss
	index: 1, handler: __TI_decompress_none


GLOBAL SYMBOLS: SORTED ALPHABETICALLY BY Name 

address   name                          
-------   ----                          
00002121  C$$EXIT                       
00001fed  GPIODirModeSet                
000019d5  GPIOPadConfigSet              
00001ead  GPIOPinConfigure              
000020ff  GPIOPinRead                   
00002079  GPIOPinTypeGPIOInput          
00002039  GPIOPinTypeGPIOOutput         
0000208b  GPIOPinTypeI2C                
0000209d  GPIOPinTypeI2CSCL             
000020af  GPIOPinTypeUART               
00002105  GPIOPinWrite                  
000020ef  I2CMasterBusy                 
00002111  I2CMasterControl              
00002115  I2CMasterDataGet              
00002119  I2CMasterDataPut              
000020db  I2CMasterEnable               
00001e61  I2CMasterInitExpClk           
000020f7  I2CMasterSlaveAddrSet         
00001653  I2CReceive                    
00001573  I2CSend                       
000020cf  ResetISR                      
000016b5  SendColor                     
00001b09  SysCtlClockGet                
00001c19  SysCtlClockSet                
0000210b  SysCtlDelay                   
00001fb9  SysCtlPeripheralEnable        
00001e11  SysCtlPeripheralReset         
000020e5  UARTCharPut                   
00001ef5  UARTConfigSetExpClk           
00002019  UARTDisable                   
00002051  UARTEnable                    
0000186f  UART_OutMonth                 
000018df  UART_OutString                
0000194f  UART_OutString2               
00001801  UART_OutWeekDay               
20000200  __STACK_END                   
00000200  __STACK_SIZE                  
20000200  __STACK_TOP                   
00002770  __TI_CINIT_Base               
00002778  __TI_CINIT_Limit              
00002760  __TI_Handler_Table_Base       
00002768  __TI_Handler_Table_Limit      
00001f3d  __TI_auto_init_nobinit_nopinit
00001da9  __TI_decompress_lzss          
000020c1  __TI_decompress_none          
ffffffff  __TI_pprof_out_hndl           
ffffffff  __TI_prof_data_size           
ffffffff  __TI_prof_data_start          
00000000  __TI_static_base__            
00001d0d  __aeabi_memcpy                
00001d0d  __aeabi_memcpy4               
00001d0d  __aeabi_memcpy8               
ffffffff  __binit__                     
ffffffff  __c_args__                    
UNDEFED   __mpu_init                    
20000000  __stack                       
00001f81  _c_int00_noargs               
UNDEFED   _system_post_cinit            
0000211d  _system_pre_init              
00002121  abort                         
000014c1  adjust_brightness             
0000149d  bcd_to_dec                    
ffffffff  binit                         
20000200  brightness_toggle             
000013dd  button_poll                   
0000147d  dec_to_bcd                    
000017c5  delay_ms                      
000017df  delay_us                      
00000000  g_pfnVectors                  
0000026d  main                          
00001d0d  memcpy                        
0000137f  sseg_clear                    
00000d85  sseg_decoder                  
00000d4d  sseg_digit_clear              
00000ced  sseg_digit_select             
00000c69  sseg_message                  
00002065  strlen                        


GLOBAL SYMBOLS: SORTED BY Symbol Address 

address   name                          
-------   ----                          
00000000  __TI_static_base__            
00000000  g_pfnVectors                  
00000200  __STACK_SIZE                  
0000026d  main                          
00000c69  sseg_message                  
00000ced  sseg_digit_select             
00000d4d  sseg_digit_clear              
00000d85  sseg_decoder                  
0000137f  sseg_clear                    
000013dd  button_poll                   
0000147d  dec_to_bcd                    
0000149d  bcd_to_dec                    
000014c1  adjust_brightness             
00001573  I2CSend                       
00001653  I2CReceive                    
000016b5  SendColor                     
000017c5  delay_ms                      
000017df  delay_us                      
00001801  UART_OutWeekDay               
0000186f  UART_OutMonth                 
000018df  UART_OutString                
0000194f  UART_OutString2               
000019d5  GPIOPadConfigSet              
00001b09  SysCtlClockGet                
00001c19  SysCtlClockSet                
00001d0d  __aeabi_memcpy                
00001d0d  __aeabi_memcpy4               
00001d0d  __aeabi_memcpy8               
00001d0d  memcpy                        
00001da9  __TI_decompress_lzss          
00001e11  SysCtlPeripheralReset         
00001e61  I2CMasterInitExpClk           
00001ead  GPIOPinConfigure              
00001ef5  UARTConfigSetExpClk           
00001f3d  __TI_auto_init_nobinit_nopinit
00001f81  _c_int00_noargs               
00001fb9  SysCtlPeripheralEnable        
00001fed  GPIODirModeSet                
00002019  UARTDisable                   
00002039  GPIOPinTypeGPIOOutput         
00002051  UARTEnable                    
00002065  strlen                        
00002079  GPIOPinTypeGPIOInput          
0000208b  GPIOPinTypeI2C                
0000209d  GPIOPinTypeI2CSCL             
000020af  GPIOPinTypeUART               
000020c1  __TI_decompress_none          
000020cf  ResetISR                      
000020db  I2CMasterEnable               
000020e5  UARTCharPut                   
000020ef  I2CMasterBusy                 
000020f7  I2CMasterSlaveAddrSet         
000020ff  GPIOPinRead                   
00002105  GPIOPinWrite                  
0000210b  SysCtlDelay                   
00002111  I2CMasterControl              
00002115  I2CMasterDataGet              
00002119  I2CMasterDataPut              
0000211d  _system_pre_init              
00002121  C$$EXIT                       
00002121  abort                         
00002760  __TI_Handler_Table_Base       
00002768  __TI_Handler_Table_Limit      
00002770  __TI_CINIT_Base               
00002778  __TI_CINIT_Limit              
20000000  __stack                       
20000200  __STACK_END                   
20000200  __STACK_TOP                   
20000200  brightness_toggle             
ffffffff  __TI_pprof_out_hndl           
ffffffff  __TI_prof_data_size           
ffffffff  __TI_prof_data_start          
ffffffff  __binit__                     
ffffffff  __c_args__                    
ffffffff  binit                         
UNDEFED   __mpu_init                    
UNDEFED   _system_post_cinit            

[77 symbols]
