******************************************************************************
                  TI ARM Linker PC v18.1.4                     
******************************************************************************
>> Linked Tue Jul 16 15:54:47 2019

OUTPUT FILE NAME:   <SP_LED.ROTATEv2.out>
ENTRY POINT SYMBOL: "_c_int00_noargs"  address: 00001709


MEMORY CONFIGURATION

         name            origin    length      used     unused   attr    fill
----------------------  --------  ---------  --------  --------  ----  --------
  FLASH                 00000000   00040000  00001efc  0003e104  R  X
  SRAM                  20000000   00008000  00000201  00007dff  RW X


SEGMENT ALLOCATION MAP

run origin  load origin   length   init length attrs members
----------  ----------- ---------- ----------- ----- -------
00000000    00000000    00001f00   00001f00    r-x
  00000000    00000000    0000026c   0000026c    r-- .intvecs
  0000026c    0000026c    00001640   00001640    r-x .text
  000018ac    000018ac    00000638   00000638    r-- .const
  00001ee8    00001ee8    00000018   00000018    r-- .cinit
20000000    20000000    00000201   00000000    rw-
  20000000    20000000    00000200   00000000    rw- .stack
  20000200    20000200    00000001   00000000    rw- .data


SECTION ALLOCATION MAP

 output                                  attributes/
section   page    origin      length       input sections
--------  ----  ----------  ----------   ----------------
.intvecs   0    00000000    0000026c     
                  00000000    0000026c     tm4c123gh6pm_startup_ccs.obj (.intvecs)

.text      0    0000026c    00001640     
                  0000026c    00000d1c     main.obj (.text)
                  00000f88    000001d4     uart_out.obj (.text)
                  0000115c    00000132     driverlib.lib : gpio.obj (.text:GPIOPadConfigSet)
                  0000128e    00000002     --HOLE-- [fill = 0]
                  00001290    00000110                   : sysctl.obj (.text:SysCtlClockGet)
                  000013a0    000000f4                   : sysctl.obj (.text:SysCtlClockSet)
                  00001494    0000009c     rtsv7M4_T_le_v4SPD16_eabi.lib : memcpy_t2.asm.obj (.text)
                  00001530    00000068                                   : copy_decompress_lzss.c.obj (.text:decompress:lzss:__TI_decompress_lzss)
                  00001598    00000050     driverlib.lib : sysctl.obj (.text:SysCtlPeripheralReset)
                  000015e8    0000004c                   : i2c.obj (.text:I2CMasterInitExpClk)
                  00001634    00000048                   : gpio.obj (.text:GPIOPinConfigure)
                  0000167c    00000046                   : uart.obj (.text:UARTConfigSetExpClk)
                  000016c2    00000002     --HOLE-- [fill = 0]
                  000016c4    00000044     rtsv7M4_T_le_v4SPD16_eabi.lib : autoinit.c.obj (.text:__TI_auto_init_nobinit_nopinit:__TI_auto_init_nobinit_nopinit)
                  00001708    00000038                                   : boot_cortex_m.c.obj (.text:_c_int00_noargs:_c_int00_noargs)
                  00001740    00000034     driverlib.lib : sysctl.obj (.text:SysCtlPeripheralEnable)
                  00001774    0000002a                   : gpio.obj (.text:GPIODirModeSet)
                  0000179e    00000002     --HOLE-- [fill = 0]
                  000017a0    00000020                   : uart.obj (.text:UARTDisable)
                  000017c0    00000018                   : gpio.obj (.text:GPIOPinTypeGPIOOutput)
                  000017d8    00000014                   : uart.obj (.text:UARTEnable)
                  000017ec    00000014     rtsv7M4_T_le_v4SPD16_eabi.lib : strlen.c.obj (.text:strlen)
                  00001800    00000012     driverlib.lib : gpio.obj (.text:GPIOPinTypeGPIOInput)
                  00001812    00000012                   : gpio.obj (.text:GPIOPinTypeI2C)
                  00001824    00000012                   : gpio.obj (.text:GPIOPinTypeI2CSCL)
                  00001836    00000012                   : gpio.obj (.text:GPIOPinTypeUART)
                  00001848    0000000e     rtsv7M4_T_le_v4SPD16_eabi.lib : copy_decompress_none.c.obj (.text:decompress:none:__TI_decompress_none)
                  00001856    0000000c     tm4c123gh6pm_startup_ccs.obj (.text)
                  00001862    0000000a     driverlib.lib : i2c.obj (.text:I2CMasterEnable)
                  0000186c    0000000a                   : uart.obj (.text:UARTCharPut)
                  00001876    00000008                   : i2c.obj (.text:I2CMasterBusy)
                  0000187e    00000008                   : i2c.obj (.text:I2CMasterSlaveAddrSet)
                  00001886    00000006                   : gpio.obj (.text:GPIOPinRead)
                  0000188c    00000006                   : gpio.obj (.text:GPIOPinWrite)
                  00001892    00000006                   : sysctl.obj (.text:SysCtlDelay)
                  00001898    00000004                   : i2c.obj (.text:I2CMasterControl)
                  0000189c    00000004                   : i2c.obj (.text:I2CMasterDataGet)
                  000018a0    00000004                   : i2c.obj (.text:I2CMasterDataPut)
                  000018a4    00000004     rtsv7M4_T_le_v4SPD16_eabi.lib : pre_init.c.obj (.text:_system_pre_init)
                  000018a8    00000004                                   : exit.c.obj (.text:abort:abort)

.const     0    000018ac    00000638     
                  000018ac    00000190     uart_out.obj (.const:$P$T2$3)
                  00001a3c    00000190     uart_out.obj (.const:$P$T3$4)
                  00001bcc    0000017c     uart_out.obj (.const:$P$T1$2)
                  00001d48    000000a0     uart_out.obj (.const:$P$T0$1)
                  00001de8    00000090     driverlib.lib : gpio.obj (.const:g_pui32GPIOBaseAddrs)
                  00001e78    0000006c                   : sysctl.obj (.const:g_pui32Xtals)

.cinit     0    00001ee8    00000018     
                  00001ee8    00000008     (__TI_handler_table)
                  00001ef0    00000005     (.cinit..data.load) [load image, compression = lzss]
                  00001ef5    00000003     --HOLE-- [fill = 0]
                  00001ef8    00000008     (__TI_cinit_table)

.init_array 
*          0    00000000    00000000     UNINITIALIZED

.data      0    20000200    00000001     UNINITIALIZED
                  20000200    00000001     main.obj (.data)

.stack     0    20000000    00000200     UNINITIALIZED
                  20000000    00000004     rtsv7M4_T_le_v4SPD16_eabi.lib : boot_cortex_m.c.obj (.stack)
                  20000004    000001fc     --HOLE--

MODULE SUMMARY

       Module                         code   ro data   rw data
       ------                         ----   -------   -------
    .\
       main.obj                       3356   0         1      
       uart_out.obj                   468    1340      0      
       tm4c123gh6pm_startup_ccs.obj   12     620       0      
    +--+------------------------------+------+---------+---------+
       Total:                         3836   1960      1      
                                                              
    C:/ti/TivaWare_C_Series-2.1.4.178/driverlib/ccs/Debug/driverlib.lib
       sysctl.obj                     654    108       0      
       gpio.obj                       528    144       0      
       uart.obj                       132    0         0      
       i2c.obj                        114    0         0      
    +--+------------------------------+------+---------+---------+
       Total:                         1428   252       0      
                                                              
    C:\ti\ccsv8\tools\compiler\ti-cgt-arm_18.1.4.LTS\lib\rtsv7M4_T_le_v4SPD16_eabi.lib
       memcpy_t2.asm.obj              156    0         0      
       copy_decompress_lzss.c.obj     104    0         0      
       autoinit.c.obj                 68     0         0      
       boot_cortex_m.c.obj            56     0         0      
       strlen.c.obj                   20     0         0      
       copy_decompress_none.c.obj     14     0         0      
       exit.c.obj                     4      0         0      
       pre_init.c.obj                 4      0         0      
    +--+------------------------------+------+---------+---------+
       Total:                         426    0         0      
                                                              
       Stack:                         0      0         512    
       Linker Generated:              0      21        0      
    +--+------------------------------+------+---------+---------+
       Grand Total:                   5690   2233      513    


LINKER GENERATED COPY TABLES

__TI_cinit_table @ 00001ef8 records: 1, size/record: 8, table size: 8
	.data: load addr=00001ef0, load size=00000005 bytes, run addr=20000200, run size=00000001 bytes, compression=lzss


LINKER GENERATED HANDLER TABLE

__TI_handler_table @ 00001ee8 records: 2, size/record: 4, table size: 8
	index: 0, handler: __TI_decompress_lzss
	index: 1, handler: __TI_decompress_none


GLOBAL SYMBOLS: SORTED ALPHABETICALLY BY Name 

address   name                          
-------   ----                          
000018a9  C$$EXIT                       
00001775  GPIODirModeSet                
0000115d  GPIOPadConfigSet              
00001635  GPIOPinConfigure              
00001887  GPIOPinRead                   
00001801  GPIOPinTypeGPIOInput          
000017c1  GPIOPinTypeGPIOOutput         
00001813  GPIOPinTypeI2C                
00001825  GPIOPinTypeI2CSCL             
00001837  GPIOPinTypeUART               
0000188d  GPIOPinWrite                  
00001877  I2CMasterBusy                 
00001899  I2CMasterControl              
0000189d  I2CMasterDataGet              
000018a1  I2CMasterDataPut              
00001863  I2CMasterEnable               
000015e9  I2CMasterInitExpClk           
0000187f  I2CMasterSlaveAddrSet         
00000dd5  I2CReceive                    
00000cf5  I2CSend                       
00001857  ResetISR                      
00000e45  SendColor                     
00001291  SysCtlClockGet                
000013a1  SysCtlClockSet                
00001893  SysCtlDelay                   
00001741  SysCtlPeripheralEnable        
00001599  SysCtlPeripheralReset         
0000186d  UARTCharPut                   
0000167d  UARTConfigSetExpClk           
000017a1  UARTDisable                   
000017d9  UARTEnable                    
00000ff7  UART_OutMonth                 
00001067  UART_OutString                
000010d7  UART_OutString2               
00000f89  UART_OutWeekDay               
20000200  __STACK_END                   
00000200  __STACK_SIZE                  
20000200  __STACK_TOP                   
00001ef8  __TI_CINIT_Base               
00001f00  __TI_CINIT_Limit              
00001ee8  __TI_Handler_Table_Base       
00001ef0  __TI_Handler_Table_Limit      
000016c5  __TI_auto_init_nobinit_nopinit
00001531  __TI_decompress_lzss          
00001849  __TI_decompress_none          
ffffffff  __TI_pprof_out_hndl           
ffffffff  __TI_prof_data_size           
ffffffff  __TI_prof_data_start          
00000000  __TI_static_base__            
00001495  __aeabi_memcpy                
00001495  __aeabi_memcpy4               
00001495  __aeabi_memcpy8               
ffffffff  __binit__                     
ffffffff  __c_args__                    
UNDEFED   __mpu_init                    
20000000  __stack                       
00001709  _c_int00_noargs               
UNDEFED   _system_post_cinit            
000018a5  _system_pre_init              
000018a9  abort                         
00000c3f  adjust_brightness             
00000c25  bcd_to_dec                    
ffffffff  binit                         
20000200  brightness_toggle             
00000b8d  button_poll                   
00000c05  dec_to_bcd                    
00000f4f  delay_ms                      
00000f69  delay_us                      
00000000  g_pfnVectors                  
0000026d  main                          
00001495  memcpy                        
000017ed  strlen                        


GLOBAL SYMBOLS: SORTED BY Symbol Address 

address   name                          
-------   ----                          
00000000  __TI_static_base__            
00000000  g_pfnVectors                  
00000200  __STACK_SIZE                  
0000026d  main                          
00000b8d  button_poll                   
00000c05  dec_to_bcd                    
00000c25  bcd_to_dec                    
00000c3f  adjust_brightness             
00000cf5  I2CSend                       
00000dd5  I2CReceive                    
00000e45  SendColor                     
00000f4f  delay_ms                      
00000f69  delay_us                      
00000f89  UART_OutWeekDay               
00000ff7  UART_OutMonth                 
00001067  UART_OutString                
000010d7  UART_OutString2               
0000115d  GPIOPadConfigSet              
00001291  SysCtlClockGet                
000013a1  SysCtlClockSet                
00001495  __aeabi_memcpy                
00001495  __aeabi_memcpy4               
00001495  __aeabi_memcpy8               
00001495  memcpy                        
00001531  __TI_decompress_lzss          
00001599  SysCtlPeripheralReset         
000015e9  I2CMasterInitExpClk           
00001635  GPIOPinConfigure              
0000167d  UARTConfigSetExpClk           
000016c5  __TI_auto_init_nobinit_nopinit
00001709  _c_int00_noargs               
00001741  SysCtlPeripheralEnable        
00001775  GPIODirModeSet                
000017a1  UARTDisable                   
000017c1  GPIOPinTypeGPIOOutput         
000017d9  UARTEnable                    
000017ed  strlen                        
00001801  GPIOPinTypeGPIOInput          
00001813  GPIOPinTypeI2C                
00001825  GPIOPinTypeI2CSCL             
00001837  GPIOPinTypeUART               
00001849  __TI_decompress_none          
00001857  ResetISR                      
00001863  I2CMasterEnable               
0000186d  UARTCharPut                   
00001877  I2CMasterBusy                 
0000187f  I2CMasterSlaveAddrSet         
00001887  GPIOPinRead                   
0000188d  GPIOPinWrite                  
00001893  SysCtlDelay                   
00001899  I2CMasterControl              
0000189d  I2CMasterDataGet              
000018a1  I2CMasterDataPut              
000018a5  _system_pre_init              
000018a9  C$$EXIT                       
000018a9  abort                         
00001ee8  __TI_Handler_Table_Base       
00001ef0  __TI_Handler_Table_Limit      
00001ef8  __TI_CINIT_Base               
00001f00  __TI_CINIT_Limit              
20000000  __stack                       
20000200  __STACK_END                   
20000200  __STACK_TOP                   
20000200  brightness_toggle             
ffffffff  __TI_pprof_out_hndl           
ffffffff  __TI_prof_data_size           
ffffffff  __TI_prof_data_start          
ffffffff  __binit__                     
ffffffff  __c_args__                    
ffffffff  binit                         
UNDEFED   __mpu_init                    
UNDEFED   _system_post_cinit            

[72 symbols]
