******************************************************************************
                  TI ARM Linker PC v18.1.4                     
******************************************************************************
>> Linked Thu Jul 18 16:31:29 2019

OUTPUT FILE NAME:   <SP_LED.ROTATEv2.out>
ENTRY POINT SYMBOL: "_c_int00_noargs"  address: 00001789


MEMORY CONFIGURATION

         name            origin    length      used     unused   attr    fill
----------------------  --------  ---------  --------  --------  ----  --------
  FLASH                 00000000   00040000  00001f7c  0003e084  R  X
  SRAM                  20000000   00008000  00000201  00007dff  RW X


SEGMENT ALLOCATION MAP

run origin  load origin   length   init length attrs members
----------  ----------- ---------- ----------- ----- -------
00000000    00000000    00001f80   00001f80    r-x
  00000000    00000000    0000026c   0000026c    r-- .intvecs
  0000026c    0000026c    000016c0   000016c0    r-x .text
  0000192c    0000192c    00000638   00000638    r-- .const
  00001f68    00001f68    00000018   00000018    r-- .cinit
20000000    20000000    00000201   00000000    rw-
  20000000    20000000    00000200   00000000    rw- .stack
  20000200    20000200    00000001   00000000    rw- .data


SECTION ALLOCATION MAP

 output                                  attributes/
section   page    origin      length       input sections
--------  ----  ----------  ----------   ----------------
.intvecs   0    00000000    0000026c     
                  00000000    0000026c     tm4c123gh6pm_startup_ccs.obj (.intvecs)

.text      0    0000026c    000016c0     
                  0000026c    00000d9c     main.obj (.text)
                  00001008    000001d4     uart_out.obj (.text)
                  000011dc    00000132     driverlib.lib : gpio.obj (.text:GPIOPadConfigSet)
                  0000130e    00000002     --HOLE-- [fill = 0]
                  00001310    00000110                   : sysctl.obj (.text:SysCtlClockGet)
                  00001420    000000f4                   : sysctl.obj (.text:SysCtlClockSet)
                  00001514    0000009c     rtsv7M4_T_le_v4SPD16_eabi.lib : memcpy_t2.asm.obj (.text)
                  000015b0    00000068                                   : copy_decompress_lzss.c.obj (.text:decompress:lzss:__TI_decompress_lzss)
                  00001618    00000050     driverlib.lib : sysctl.obj (.text:SysCtlPeripheralReset)
                  00001668    0000004c                   : i2c.obj (.text:I2CMasterInitExpClk)
                  000016b4    00000048                   : gpio.obj (.text:GPIOPinConfigure)
                  000016fc    00000046                   : uart.obj (.text:UARTConfigSetExpClk)
                  00001742    00000002     --HOLE-- [fill = 0]
                  00001744    00000044     rtsv7M4_T_le_v4SPD16_eabi.lib : autoinit.c.obj (.text:__TI_auto_init_nobinit_nopinit:__TI_auto_init_nobinit_nopinit)
                  00001788    00000038                                   : boot_cortex_m.c.obj (.text:_c_int00_noargs:_c_int00_noargs)
                  000017c0    00000034     driverlib.lib : sysctl.obj (.text:SysCtlPeripheralEnable)
                  000017f4    0000002a                   : gpio.obj (.text:GPIODirModeSet)
                  0000181e    00000002     --HOLE-- [fill = 0]
                  00001820    00000020                   : uart.obj (.text:UARTDisable)
                  00001840    00000018                   : gpio.obj (.text:GPIOPinTypeGPIOOutput)
                  00001858    00000014                   : uart.obj (.text:UARTEnable)
                  0000186c    00000014     rtsv7M4_T_le_v4SPD16_eabi.lib : strlen.c.obj (.text:strlen)
                  00001880    00000012     driverlib.lib : gpio.obj (.text:GPIOPinTypeGPIOInput)
                  00001892    00000012                   : gpio.obj (.text:GPIOPinTypeI2C)
                  000018a4    00000012                   : gpio.obj (.text:GPIOPinTypeI2CSCL)
                  000018b6    00000012                   : gpio.obj (.text:GPIOPinTypeUART)
                  000018c8    0000000e     rtsv7M4_T_le_v4SPD16_eabi.lib : copy_decompress_none.c.obj (.text:decompress:none:__TI_decompress_none)
                  000018d6    0000000c     tm4c123gh6pm_startup_ccs.obj (.text)
                  000018e2    0000000a     driverlib.lib : i2c.obj (.text:I2CMasterEnable)
                  000018ec    0000000a                   : uart.obj (.text:UARTCharPut)
                  000018f6    00000008                   : i2c.obj (.text:I2CMasterBusy)
                  000018fe    00000008                   : i2c.obj (.text:I2CMasterSlaveAddrSet)
                  00001906    00000006                   : gpio.obj (.text:GPIOPinRead)
                  0000190c    00000006                   : gpio.obj (.text:GPIOPinWrite)
                  00001912    00000006                   : sysctl.obj (.text:SysCtlDelay)
                  00001918    00000004                   : i2c.obj (.text:I2CMasterControl)
                  0000191c    00000004                   : i2c.obj (.text:I2CMasterDataGet)
                  00001920    00000004                   : i2c.obj (.text:I2CMasterDataPut)
                  00001924    00000004     rtsv7M4_T_le_v4SPD16_eabi.lib : pre_init.c.obj (.text:_system_pre_init)
                  00001928    00000004                                   : exit.c.obj (.text:abort:abort)

.const     0    0000192c    00000638     
                  0000192c    00000190     uart_out.obj (.const:$P$T2$3)
                  00001abc    00000190     uart_out.obj (.const:$P$T3$4)
                  00001c4c    0000017c     uart_out.obj (.const:$P$T1$2)
                  00001dc8    000000a0     uart_out.obj (.const:$P$T0$1)
                  00001e68    00000090     driverlib.lib : gpio.obj (.const:g_pui32GPIOBaseAddrs)
                  00001ef8    0000006c                   : sysctl.obj (.const:g_pui32Xtals)

.cinit     0    00001f68    00000018     
                  00001f68    00000008     (__TI_handler_table)
                  00001f70    00000005     (.cinit..data.load) [load image, compression = lzss]
                  00001f75    00000003     --HOLE-- [fill = 0]
                  00001f78    00000008     (__TI_cinit_table)

.init_array 
*          0    00000000    00000000     UNINITIALIZED

.data      0    20000200    00000001     UNINITIALIZED
                  20000200    00000001     main.obj (.data)

.stack     0    20000000    00000200     UNINITIALIZED
                  20000000    00000004     rtsv7M4_T_le_v4SPD16_eabi.lib : boot_cortex_m.c.obj (.stack)
                  20000004    000001fc     --HOLE--

MODULE SUMMARY

       Module                         code   ro data   rw data
       ------                         ----   -------   -------
    .\
       main.obj                       3484   0         1      
       uart_out.obj                   468    1340      0      
       tm4c123gh6pm_startup_ccs.obj   12     620       0      
    +--+------------------------------+------+---------+---------+
       Total:                         3964   1960      1      
                                                              
    C:/ti/TivaWare_C_Series-2.1.4.178/driverlib/ccs/Debug/driverlib.lib
       sysctl.obj                     654    108       0      
       gpio.obj                       528    144       0      
       uart.obj                       132    0         0      
       i2c.obj                        114    0         0      
    +--+------------------------------+------+---------+---------+
       Total:                         1428   252       0      
                                                              
    C:\ti\ccsv8\tools\compiler\ti-cgt-arm_18.1.4.LTS\lib\rtsv7M4_T_le_v4SPD16_eabi.lib
       memcpy_t2.asm.obj              156    0         0      
       copy_decompress_lzss.c.obj     104    0         0      
       autoinit.c.obj                 68     0         0      
       boot_cortex_m.c.obj            56     0         0      
       strlen.c.obj                   20     0         0      
       copy_decompress_none.c.obj     14     0         0      
       exit.c.obj                     4      0         0      
       pre_init.c.obj                 4      0         0      
    +--+------------------------------+------+---------+---------+
       Total:                         426    0         0      
                                                              
       Stack:                         0      0         512    
       Linker Generated:              0      21        0      
    +--+------------------------------+------+---------+---------+
       Grand Total:                   5818   2233      513    


LINKER GENERATED COPY TABLES

__TI_cinit_table @ 00001f78 records: 1, size/record: 8, table size: 8
	.data: load addr=00001f70, load size=00000005 bytes, run addr=20000200, run size=00000001 bytes, compression=lzss


LINKER GENERATED HANDLER TABLE

__TI_handler_table @ 00001f68 records: 2, size/record: 4, table size: 8
	index: 0, handler: __TI_decompress_lzss
	index: 1, handler: __TI_decompress_none


GLOBAL SYMBOLS: SORTED ALPHABETICALLY BY Name 

address   name                          
-------   ----                          
00001929  C$$EXIT                       
000017f5  GPIODirModeSet                
000011dd  GPIOPadConfigSet              
000016b5  GPIOPinConfigure              
00001907  GPIOPinRead                   
00001881  GPIOPinTypeGPIOInput          
00001841  GPIOPinTypeGPIOOutput         
00001893  GPIOPinTypeI2C                
000018a5  GPIOPinTypeI2CSCL             
000018b7  GPIOPinTypeUART               
0000190d  GPIOPinWrite                  
000018f7  I2CMasterBusy                 
00001919  I2CMasterControl              
0000191d  I2CMasterDataGet              
00001921  I2CMasterDataPut              
000018e3  I2CMasterEnable               
00001669  I2CMasterInitExpClk           
000018ff  I2CMasterSlaveAddrSet         
00000e59  I2CReceive                    
00000d75  I2CSend                       
000018d7  ResetISR                      
00000ebd  SendColor                     
00001311  SysCtlClockGet                
00001421  SysCtlClockSet                
00001913  SysCtlDelay                   
000017c1  SysCtlPeripheralEnable        
00001619  SysCtlPeripheralReset         
000018ed  UARTCharPut                   
000016fd  UARTConfigSetExpClk           
00001821  UARTDisable                   
00001859  UARTEnable                    
00001077  UART_OutMonth                 
000010e7  UART_OutString                
00001157  UART_OutString2               
00001009  UART_OutWeekDay               
20000200  __STACK_END                   
00000200  __STACK_SIZE                  
20000200  __STACK_TOP                   
00001f78  __TI_CINIT_Base               
00001f80  __TI_CINIT_Limit              
00001f68  __TI_Handler_Table_Base       
00001f70  __TI_Handler_Table_Limit      
00001745  __TI_auto_init_nobinit_nopinit
000015b1  __TI_decompress_lzss          
000018c9  __TI_decompress_none          
ffffffff  __TI_pprof_out_hndl           
ffffffff  __TI_prof_data_size           
ffffffff  __TI_prof_data_start          
00000000  __TI_static_base__            
00001515  __aeabi_memcpy                
00001515  __aeabi_memcpy4               
00001515  __aeabi_memcpy8               
ffffffff  __binit__                     
ffffffff  __c_args__                    
UNDEFED   __mpu_init                    
20000000  __stack                       
00001789  _c_int00_noargs               
UNDEFED   _system_post_cinit            
00001925  _system_pre_init              
00001929  abort                         
00000cb9  adjust_brightness             
00000c99  bcd_to_dec                    
ffffffff  binit                         
20000200  brightness_toggle             
00000c01  button_poll                   
00000c79  dec_to_bcd                    
00000fcd  delay_ms                      
00000fe7  delay_us                      
00000000  g_pfnVectors                  
0000026d  main                          
00001515  memcpy                        
0000186d  strlen                        


GLOBAL SYMBOLS: SORTED BY Symbol Address 

address   name                          
-------   ----                          
00000000  __TI_static_base__            
00000000  g_pfnVectors                  
00000200  __STACK_SIZE                  
0000026d  main                          
00000c01  button_poll                   
00000c79  dec_to_bcd                    
00000c99  bcd_to_dec                    
00000cb9  adjust_brightness             
00000d75  I2CSend                       
00000e59  I2CReceive                    
00000ebd  SendColor                     
00000fcd  delay_ms                      
00000fe7  delay_us                      
00001009  UART_OutWeekDay               
00001077  UART_OutMonth                 
000010e7  UART_OutString                
00001157  UART_OutString2               
000011dd  GPIOPadConfigSet              
00001311  SysCtlClockGet                
00001421  SysCtlClockSet                
00001515  __aeabi_memcpy                
00001515  __aeabi_memcpy4               
00001515  __aeabi_memcpy8               
00001515  memcpy                        
000015b1  __TI_decompress_lzss          
00001619  SysCtlPeripheralReset         
00001669  I2CMasterInitExpClk           
000016b5  GPIOPinConfigure              
000016fd  UARTConfigSetExpClk           
00001745  __TI_auto_init_nobinit_nopinit
00001789  _c_int00_noargs               
000017c1  SysCtlPeripheralEnable        
000017f5  GPIODirModeSet                
00001821  UARTDisable                   
00001841  GPIOPinTypeGPIOOutput         
00001859  UARTEnable                    
0000186d  strlen                        
00001881  GPIOPinTypeGPIOInput          
00001893  GPIOPinTypeI2C                
000018a5  GPIOPinTypeI2CSCL             
000018b7  GPIOPinTypeUART               
000018c9  __TI_decompress_none          
000018d7  ResetISR                      
000018e3  I2CMasterEnable               
000018ed  UARTCharPut                   
000018f7  I2CMasterBusy                 
000018ff  I2CMasterSlaveAddrSet         
00001907  GPIOPinRead                   
0000190d  GPIOPinWrite                  
00001913  SysCtlDelay                   
00001919  I2CMasterControl              
0000191d  I2CMasterDataGet              
00001921  I2CMasterDataPut              
00001925  _system_pre_init              
00001929  C$$EXIT                       
00001929  abort                         
00001f68  __TI_Handler_Table_Base       
00001f70  __TI_Handler_Table_Limit      
00001f78  __TI_CINIT_Base               
00001f80  __TI_CINIT_Limit              
20000000  __stack                       
20000200  __STACK_END                   
20000200  __STACK_TOP                   
20000200  brightness_toggle             
ffffffff  __TI_pprof_out_hndl           
ffffffff  __TI_prof_data_size           
ffffffff  __TI_prof_data_start          
ffffffff  __binit__                     
ffffffff  __c_args__                    
ffffffff  binit                         
UNDEFED   __mpu_init                    
UNDEFED   _system_post_cinit            

[72 symbols]
