******************************************************************************
                  TI ARM Linker PC v18.1.4                     
******************************************************************************
>> Linked Sun Sep 22 17:23:53 2019

OUTPUT FILE NAME:   <SP_LED.ROTATEv2.out>
ENTRY POINT SYMBOL: "_c_int00_noargs"  address: 000028a5


MEMORY CONFIGURATION

         name            origin    length      used     unused   attr    fill
----------------------  --------  ---------  --------  --------  ----  --------
  FLASH                 00000000   00040000  00003890  0003c770  R  X
  SRAM                  20000000   00008000  00000476  00007b8a  RW X


SEGMENT ALLOCATION MAP

run origin  load origin   length   init length attrs members
----------  ----------- ---------- ----------- ----- -------
00000000    00000000    00003890   00003890    r-x
  00000000    00000000    0000026c   0000026c    r-- .intvecs
  0000026c    0000026c    000028a0   000028a0    r-x .text
  00002b0c    00002b0c    00000d54   00000d54    r-- .const
  00003860    00003860    00000030   00000030    r-- .cinit
20000000    20000000    0000047a   00000000    rw-
  20000000    20000000    0000026c   00000000    rw- .vtable
  20000270    20000270    00000200   00000000    rw- .stack
  20000470    20000470    0000000a   00000000    rw- .data


SECTION ALLOCATION MAP

 output                                  attributes/
section   page    origin      length       input sections
--------  ----  ----------  ----------   ----------------
.intvecs   0    00000000    0000026c     
                  00000000    0000026c     tm4c123gh6pm_startup_ccs.obj (.intvecs)

.text      0    0000026c    000028a0     
                  0000026c    000009d8     main.obj (.text)
                  00000c44    00000770     sseg.obj (.text)
                  000013b4    00000708     interrupts.obj (.text)
                  00001abc    000001dc     setup.obj (.text)
                  00001c98    000001d4     uart_out.obj (.text)
                  00001e6c    000001bc     led.obj (.text)
                  00002028    0000013c     rtcc.obj (.text)
                  00002164    00000132     driverlib.lib : gpio.obj (.text:GPIOPadConfigSet)
                  00002296    00000002     --HOLE-- [fill = 0]
                  00002298    00000110                   : sysctl.obj (.text:SysCtlClockGet)
                  000023a8    000000f4                   : sysctl.obj (.text:SysCtlClockSet)
                  0000249c    0000009c     rtsv7M4_T_le_v4SPD16_eabi.lib : memcpy_t2.asm.obj (.text)
                  00002538    00000090     misc.obj (.text)
                  000025c8    00000068     driverlib.lib : interrupt.obj (.text:IntEnable)
                  00002630    00000068     rtsv7M4_T_le_v4SPD16_eabi.lib : copy_decompress_lzss.c.obj (.text:decompress:lzss:__TI_decompress_lzss)
                  00002698    00000056     driverlib.lib : gpio.obj (.text:GPIOIntTypeSet)
                  000026ee    00000002     --HOLE-- [fill = 0]
                  000026f0    00000050                   : sysctl.obj (.text:SysCtlPeripheralReset)
                  00002740    0000004c                   : i2c.obj (.text:I2CMasterInitExpClk)
                  0000278c    00000048                   : gpio.obj (.text:GPIOPinConfigure)
                  000027d4    00000046                   : uart.obj (.text:UARTConfigSetExpClk)
                  0000281a    00000002     --HOLE-- [fill = 0]
                  0000281c    00000044                   : gpio.obj (.text:_GPIOIntNumberGet)
                  00002860    00000044     rtsv7M4_T_le_v4SPD16_eabi.lib : autoinit.c.obj (.text:__TI_auto_init_nobinit_nopinit:__TI_auto_init_nobinit_nopinit)
                  000028a4    00000038                                   : boot_cortex_m.c.obj (.text:_c_int00_noargs:_c_int00_noargs)
                  000028dc    00000034     driverlib.lib : interrupt.obj (.text:IntRegister)
                  00002910    00000034                   : sysctl.obj (.text:SysCtlPeripheralEnable)
                  00002944    0000002a                   : gpio.obj (.text:GPIODirModeSet)
                  0000296e    00000002     --HOLE-- [fill = 0]
                  00002970    00000020                   : uart.obj (.text:UARTDisable)
                  00002990    00000018                   : gpio.obj (.text:GPIOIntRegister)
                  000029a8    00000018                   : gpio.obj (.text:GPIOPinTypeGPIOOutput)
                  000029c0    00000014                   : uart.obj (.text:UARTEnable)
                  000029d4    00000014     rtsv7M4_T_le_v4SPD16_eabi.lib : strlen.c.obj (.text:strlen)
                  000029e8    00000012     driverlib.lib : gpio.obj (.text:GPIOPinTypeGPIOInput)
                  000029fa    00000012                   : gpio.obj (.text:GPIOPinTypeI2C)
                  00002a0c    00000012                   : gpio.obj (.text:GPIOPinTypeI2CSCL)
                  00002a1e    00000012                   : gpio.obj (.text:GPIOPinTypeUART)
                  00002a30    00000012     rtsv7M4_T_le_v4SPD16_eabi.lib : copy_zero_init.c.obj (.text:decompress:ZI:__TI_zero_init_nomemset:__TI_zero_init_nomemset)
                  00002a42    00000010     driverlib.lib : interrupt.obj (.text:IntMasterDisable)
                  00002a52    00000010                   : interrupt.obj (.text:IntMasterEnable)
                  00002a62    0000000e                   : gpio.obj (.text:GPIOIntDisable)
                  00002a70    0000000e                   : gpio.obj (.text:GPIOIntStatus)
                  00002a7e    0000000e     rtsv7M4_T_le_v4SPD16_eabi.lib : copy_decompress_none.c.obj (.text:decompress:none:__TI_decompress_none)
                  00002a8c    0000000c     driverlib.lib : cpu.obj (.text:CPUcpsid)
                  00002a98    0000000c                   : cpu.obj (.text:CPUcpsie)
                  00002aa4    0000000c                   : gpio.obj (.text:GPIOIntEnable)
                  00002ab0    0000000c     tm4c123gh6pm_startup_ccs.obj (.text)
                  00002abc    0000000a     driverlib.lib : i2c.obj (.text:I2CMasterEnable)
                  00002ac6    0000000a                   : uart.obj (.text:UARTCharPut)
                  00002ad0    00000008                   : i2c.obj (.text:I2CMasterBusy)
                  00002ad8    00000008                   : i2c.obj (.text:I2CMasterSlaveAddrSet)
                  00002ae0    00000006                   : gpio.obj (.text:GPIOIntClear)
                  00002ae6    00000006                   : gpio.obj (.text:GPIOPinRead)
                  00002aec    00000006                   : gpio.obj (.text:GPIOPinWrite)
                  00002af2    00000006                   : sysctl.obj (.text:SysCtlDelay)
                  00002af8    00000004                   : i2c.obj (.text:I2CMasterControl)
                  00002afc    00000004                   : i2c.obj (.text:I2CMasterDataGet)
                  00002b00    00000004                   : i2c.obj (.text:I2CMasterDataPut)
                  00002b04    00000004     rtsv7M4_T_le_v4SPD16_eabi.lib : pre_init.c.obj (.text:_system_pre_init)
                  00002b08    00000004                                   : exit.c.obj (.text:abort:abort)

.const     0    00002b0c    00000d54     
                  00002b0c    0000044c     interrupts.obj (.const:LED_MAP)
                  00002f58    00000190     uart_out.obj (.const:$P$T2$3)
                  000030e8    00000190     uart_out.obj (.const:$P$T3$4)
                  00003278    0000017c     uart_out.obj (.const:$P$T1$2)
                  000033f4    000000d8     driverlib.lib : gpio.obj (.const:g_ppui32GPIOIntMapSnowflake)
                  000034cc    000000c8     interrupts.obj (.const:LED_HCM)
                  00003594    000000c0     driverlib.lib : gpio.obj (.const:g_ppui32GPIOIntMapBlizzard)
                  00003654    000000a0     uart_out.obj (.const:$P$T0$1)
                  000036f4    00000090     driverlib.lib : gpio.obj (.const:g_pui32GPIOBaseAddrs)
                  00003784    00000070                   : interrupt.obj (.const)
                  000037f4    0000006c                   : sysctl.obj (.const:g_pui32Xtals)

.cinit     0    00003860    00000030     
                  00003860    0000000c     (__TI_handler_table)
                  0000386c    0000000b     (.cinit..data.load) [load image, compression = lzss]
                  00003877    00000001     --HOLE-- [fill = 0]
                  00003878    00000008     (.cinit..vtable.load) [load image, compression = zero_init]
                  00003880    00000010     (__TI_cinit_table)

.init_array 
*          0    00000000    00000000     UNINITIALIZED

.vtable    0    20000000    0000026c     UNINITIALIZED
                  20000000    0000026c     driverlib.lib : interrupt.obj (.vtable)

.data      0    20000470    0000000a     UNINITIALIZED
                  20000470    0000000a     main.obj (.data)

.stack     0    20000270    00000200     UNINITIALIZED
                  20000270    00000004     rtsv7M4_T_le_v4SPD16_eabi.lib : boot_cortex_m.c.obj (.stack)
                  20000274    000001fc     --HOLE--

MODULE SUMMARY

       Module                         code    ro data   rw data
       ------                         ----    -------   -------
    .\
       interrupts.obj                 1800    1300      0      
       main.obj                       2520    0         10     
       sseg.obj                       1904    0         0      
       uart_out.obj                   468     1340      0      
       tm4c123gh6pm_startup_ccs.obj   12      620       0      
       setup.obj                      476     0         0      
       led.obj                        444     0         0      
       rtcc.obj                       316     0         0      
       misc.obj                       144     0         0      
    +--+------------------------------+-------+---------+---------+
       Total:                         8084    3260      10     
                                                               
    C:/ti/TivaWare_C_Series-2.1.4.178/driverlib/ccs/Debug/driverlib.lib
       gpio.obj                       752     552       0      
       interrupt.obj                  188     112       620    
       sysctl.obj                     654     108       0      
       uart.obj                       132     0         0      
       i2c.obj                        114     0         0      
       cpu.obj                        24      0         0      
    +--+------------------------------+-------+---------+---------+
       Total:                         1864    772       620    
                                                               
    C:\ti\ccsv8\tools\compiler\ti-cgt-arm_18.1.4.LTS\lib\rtsv7M4_T_le_v4SPD16_eabi.lib
       memcpy_t2.asm.obj              156     0         0      
       copy_decompress_lzss.c.obj     104     0         0      
       autoinit.c.obj                 68      0         0      
       boot_cortex_m.c.obj            56      0         0      
       strlen.c.obj                   20      0         0      
       copy_zero_init.c.obj           18      0         0      
       copy_decompress_none.c.obj     14      0         0      
       exit.c.obj                     4       0         0      
       pre_init.c.obj                 4       0         0      
    +--+------------------------------+-------+---------+---------+
       Total:                         444     0         0      
                                                               
       Stack:                         0       0         512    
       Linker Generated:              0       47        0      
    +--+------------------------------+-------+---------+---------+
       Grand Total:                   10392   4079      1142   


LINKER GENERATED COPY TABLES

__TI_cinit_table @ 00003880 records: 2, size/record: 8, table size: 16
	.data: load addr=0000386c, load size=0000000b bytes, run addr=20000470, run size=0000000a bytes, compression=lzss
	.vtable: load addr=00003878, load size=00000008 bytes, run addr=20000000, run size=0000026c bytes, compression=zero_init


LINKER GENERATED HANDLER TABLE

__TI_handler_table @ 00003860 records: 3, size/record: 4, table size: 12
	index: 0, handler: __TI_zero_init
	index: 1, handler: __TI_decompress_lzss
	index: 2, handler: __TI_decompress_none


GLOBAL SYMBOLS: SORTED ALPHABETICALLY BY Name 

address   name                          
-------   ----                          
00002b09  C$$EXIT                       
00002a8d  CPUcpsid                      
00002a99  CPUcpsie                      
00002945  GPIODirModeSet                
00002ae1  GPIOIntClear                  
00002a63  GPIOIntDisable                
00002aa5  GPIOIntEnable                 
00002991  GPIOIntRegister               
00002a71  GPIOIntStatus                 
00002699  GPIOIntTypeSet                
00002165  GPIOPadConfigSet              
0000278d  GPIOPinConfigure              
00002ae7  GPIOPinRead                   
000029e9  GPIOPinTypeGPIOInput          
000029a9  GPIOPinTypeGPIOOutput         
000029fb  GPIOPinTypeI2C                
00002a0d  GPIOPinTypeI2CSCL             
00002a1f  GPIOPinTypeUART               
00002aed  GPIOPinWrite                  
000013b5  HallEffectSensorHandler       
00002ad1  I2CMasterBusy                 
00002af9  I2CMasterControl              
00002afd  I2CMasterDataGet              
00002b01  I2CMasterDataPut              
00002abd  I2CMasterEnable               
00002741  I2CMasterInitExpClk           
00002ad9  I2CMasterSlaveAddrSet         
00002109  I2CReceive                    
00002029  I2CSend                       
000025c9  IntEnable                     
00002a43  IntMasterDisable              
00002a53  IntMasterEnable               
000028dd  IntRegister                   
000034cc  LED_HCM                       
00002b0c  LED_MAP                       
00002ab1  ResetISR                      
00002299  SysCtlClockGet                
000023a9  SysCtlClockSet                
00002af3  SysCtlDelay                   
00002911  SysCtlPeripheralEnable        
000026f1  SysCtlPeripheralReset         
00002ac7  UARTCharPut                   
000027d5  UARTConfigSetExpClk           
00002971  UARTDisable                   
000029c1  UARTEnable                    
00001d07  UART_OutMonth                 
00001d77  UART_OutString                
00001de7  UART_OutString2               
00001c99  UART_OutWeekDay               
20000470  __STACK_END                   
00000200  __STACK_SIZE                  
20000470  __STACK_TOP                   
00003880  __TI_CINIT_Base               
00003890  __TI_CINIT_Limit              
00003860  __TI_Handler_Table_Base       
0000386c  __TI_Handler_Table_Limit      
00002861  __TI_auto_init_nobinit_nopinit
00002631  __TI_decompress_lzss          
00002a7f  __TI_decompress_none          
ffffffff  __TI_pprof_out_hndl           
ffffffff  __TI_prof_data_size           
ffffffff  __TI_prof_data_start          
00000000  __TI_static_base__            
00002a31  __TI_zero_init_nomemset       
0000249d  __aeabi_memcpy                
0000249d  __aeabi_memcpy4               
0000249d  __aeabi_memcpy8               
ffffffff  __binit__                     
ffffffff  __c_args__                    
UNDEFED   __mpu_init                    
20000270  __stack                       
000028a5  _c_int00_noargs               
UNDEFED   _system_post_cinit            
00002b05  _system_pre_init              
00002b09  abort                         
00001e6d  adjust_brightness             
0000255f  bcd_to_dec                    
ffffffff  binit                         
00000b8f  button_poll                   
00002539  dec_to_bcd                    
0000257f  delay_ms                      
00002599  delay_us                      
20000471  display_toggle                
20000000  g_pfnRAMVectors               
00000000  g_pfnVectors                  
20000478  hour                          
000025b1  hour_reg_mask                 
20000474  led_value                     
0000026d  main                          
0000249d  memcpy                        
20000479  minute                        
20000470  rotation_count                
00001f23  send_color                    
00001abd  setup                         
0000134f  sseg_clear                    
00000d55  sseg_decoder                  
00000d25  sseg_digit_clear              
00000cc9  sseg_digit_select             
00000c45  sseg_message                  
000029d5  strlen                        


GLOBAL SYMBOLS: SORTED BY Symbol Address 

address   name                          
-------   ----                          
00000000  __TI_static_base__            
00000000  g_pfnVectors                  
00000200  __STACK_SIZE                  
0000026d  main                          
00000b8f  button_poll                   
00000c45  sseg_message                  
00000cc9  sseg_digit_select             
00000d25  sseg_digit_clear              
00000d55  sseg_decoder                  
0000134f  sseg_clear                    
000013b5  HallEffectSensorHandler       
00001abd  setup                         
00001c99  UART_OutWeekDay               
00001d07  UART_OutMonth                 
00001d77  UART_OutString                
00001de7  UART_OutString2               
00001e6d  adjust_brightness             
00001f23  send_color                    
00002029  I2CSend                       
00002109  I2CReceive                    
00002165  GPIOPadConfigSet              
00002299  SysCtlClockGet                
000023a9  SysCtlClockSet                
0000249d  __aeabi_memcpy                
0000249d  __aeabi_memcpy4               
0000249d  __aeabi_memcpy8               
0000249d  memcpy                        
00002539  dec_to_bcd                    
0000255f  bcd_to_dec                    
0000257f  delay_ms                      
00002599  delay_us                      
000025b1  hour_reg_mask                 
000025c9  IntEnable                     
00002631  __TI_decompress_lzss          
00002699  GPIOIntTypeSet                
000026f1  SysCtlPeripheralReset         
00002741  I2CMasterInitExpClk           
0000278d  GPIOPinConfigure              
000027d5  UARTConfigSetExpClk           
00002861  __TI_auto_init_nobinit_nopinit
000028a5  _c_int00_noargs               
000028dd  IntRegister                   
00002911  SysCtlPeripheralEnable        
00002945  GPIODirModeSet                
00002971  UARTDisable                   
00002991  GPIOIntRegister               
000029a9  GPIOPinTypeGPIOOutput         
000029c1  UARTEnable                    
000029d5  strlen                        
000029e9  GPIOPinTypeGPIOInput          
000029fb  GPIOPinTypeI2C                
00002a0d  GPIOPinTypeI2CSCL             
00002a1f  GPIOPinTypeUART               
00002a31  __TI_zero_init_nomemset       
00002a43  IntMasterDisable              
00002a53  IntMasterEnable               
00002a63  GPIOIntDisable                
00002a71  GPIOIntStatus                 
00002a7f  __TI_decompress_none          
00002a8d  CPUcpsid                      
00002a99  CPUcpsie                      
00002aa5  GPIOIntEnable                 
00002ab1  ResetISR                      
00002abd  I2CMasterEnable               
00002ac7  UARTCharPut                   
00002ad1  I2CMasterBusy                 
00002ad9  I2CMasterSlaveAddrSet         
00002ae1  GPIOIntClear                  
00002ae7  GPIOPinRead                   
00002aed  GPIOPinWrite                  
00002af3  SysCtlDelay                   
00002af9  I2CMasterControl              
00002afd  I2CMasterDataGet              
00002b01  I2CMasterDataPut              
00002b05  _system_pre_init              
00002b09  C$$EXIT                       
00002b09  abort                         
00002b0c  LED_MAP                       
000034cc  LED_HCM                       
00003860  __TI_Handler_Table_Base       
0000386c  __TI_Handler_Table_Limit      
00003880  __TI_CINIT_Base               
00003890  __TI_CINIT_Limit              
20000000  g_pfnRAMVectors               
20000270  __stack                       
20000470  __STACK_END                   
20000470  __STACK_TOP                   
20000470  rotation_count                
20000471  display_toggle                
20000474  led_value                     
20000478  hour                          
20000479  minute                        
ffffffff  __TI_pprof_out_hndl           
ffffffff  __TI_prof_data_size           
ffffffff  __TI_prof_data_start          
ffffffff  __binit__                     
ffffffff  __c_args__                    
ffffffff  binit                         
UNDEFED   __mpu_init                    
UNDEFED   _system_post_cinit            

[100 symbols]
