******************************************************************************
                  TI ARM Linker PC v18.1.4                     
******************************************************************************
>> Linked Fri Sep 20 16:58:36 2019

OUTPUT FILE NAME:   <SP_LED.ROTATEv2.out>
ENTRY POINT SYMBOL: "_c_int00_noargs"  address: 00002595


MEMORY CONFIGURATION

         name            origin    length      used     unused   attr    fill
----------------------  --------  ---------  --------  --------  ----  --------
  FLASH                 00000000   00040000  00003968  0003c698  R  X
  SRAM                  20000000   00008000  00000476  00007b8a  RW X


SEGMENT ALLOCATION MAP

run origin  load origin   length   init length attrs members
----------  ----------- ---------- ----------- ----- -------
00000000    00000000    00003968   00003968    r-x
  00000000    00000000    0000026c   0000026c    r-- .intvecs
  0000026c    0000026c    00002590   00002590    r-x .text
  000027fc    000027fc    0000113c   0000113c    r-- .const
  00003938    00003938    00000030   00000030    r-- .cinit
20000000    20000000    0000047a   00000000    rw-
  20000000    20000000    0000026c   00000000    rw- .vtable
  20000270    20000270    00000200   00000000    rw- .stack
  20000470    20000470    0000000a   00000000    rw- .data


SECTION ALLOCATION MAP

 output                                  attributes/
section   page    origin      length       input sections
--------  ----  ----------  ----------   ----------------
.intvecs   0    00000000    0000026c     
                  00000000    0000026c     tm4c123gh6pm_startup_ccs.obj (.intvecs)

.text      0    0000026c    00002590     
                  0000026c    000009d8     main.obj (.text)
                  00000c44    00000770     sseg.obj (.text)
                  000013b4    000003f8     interrupts.obj (.text)
                  000017ac    000001dc     setup.obj (.text)
                  00001988    000001d4     uart_out.obj (.text)
                  00001b5c    000001bc     led.obj (.text)
                  00001d18    0000013c     rtcc.obj (.text)
                  00001e54    00000132     driverlib.lib : gpio.obj (.text:GPIOPadConfigSet)
                  00001f86    00000002     --HOLE-- [fill = 0]
                  00001f88    00000110                   : sysctl.obj (.text:SysCtlClockGet)
                  00002098    000000f4                   : sysctl.obj (.text:SysCtlClockSet)
                  0000218c    0000009c     rtsv7M4_T_le_v4SPD16_eabi.lib : memcpy_t2.asm.obj (.text)
                  00002228    00000090     misc.obj (.text)
                  000022b8    00000068     driverlib.lib : interrupt.obj (.text:IntEnable)
                  00002320    00000068     rtsv7M4_T_le_v4SPD16_eabi.lib : copy_decompress_lzss.c.obj (.text:decompress:lzss:__TI_decompress_lzss)
                  00002388    00000056     driverlib.lib : gpio.obj (.text:GPIOIntTypeSet)
                  000023de    00000002     --HOLE-- [fill = 0]
                  000023e0    00000050                   : sysctl.obj (.text:SysCtlPeripheralReset)
                  00002430    0000004c                   : i2c.obj (.text:I2CMasterInitExpClk)
                  0000247c    00000048                   : gpio.obj (.text:GPIOPinConfigure)
                  000024c4    00000046                   : uart.obj (.text:UARTConfigSetExpClk)
                  0000250a    00000002     --HOLE-- [fill = 0]
                  0000250c    00000044                   : gpio.obj (.text:_GPIOIntNumberGet)
                  00002550    00000044     rtsv7M4_T_le_v4SPD16_eabi.lib : autoinit.c.obj (.text:__TI_auto_init_nobinit_nopinit:__TI_auto_init_nobinit_nopinit)
                  00002594    00000038                                   : boot_cortex_m.c.obj (.text:_c_int00_noargs:_c_int00_noargs)
                  000025cc    00000034     driverlib.lib : interrupt.obj (.text:IntRegister)
                  00002600    00000034                   : sysctl.obj (.text:SysCtlPeripheralEnable)
                  00002634    0000002a                   : gpio.obj (.text:GPIODirModeSet)
                  0000265e    00000002     --HOLE-- [fill = 0]
                  00002660    00000020                   : uart.obj (.text:UARTDisable)
                  00002680    00000018                   : gpio.obj (.text:GPIOIntRegister)
                  00002698    00000018                   : gpio.obj (.text:GPIOPinTypeGPIOOutput)
                  000026b0    00000014                   : uart.obj (.text:UARTEnable)
                  000026c4    00000014     rtsv7M4_T_le_v4SPD16_eabi.lib : strlen.c.obj (.text:strlen)
                  000026d8    00000012     driverlib.lib : gpio.obj (.text:GPIOPinTypeGPIOInput)
                  000026ea    00000012                   : gpio.obj (.text:GPIOPinTypeI2C)
                  000026fc    00000012                   : gpio.obj (.text:GPIOPinTypeI2CSCL)
                  0000270e    00000012                   : gpio.obj (.text:GPIOPinTypeUART)
                  00002720    00000012     rtsv7M4_T_le_v4SPD16_eabi.lib : copy_zero_init.c.obj (.text:decompress:ZI:__TI_zero_init_nomemset:__TI_zero_init_nomemset)
                  00002732    00000010     driverlib.lib : interrupt.obj (.text:IntMasterDisable)
                  00002742    00000010                   : interrupt.obj (.text:IntMasterEnable)
                  00002752    0000000e                   : gpio.obj (.text:GPIOIntDisable)
                  00002760    0000000e                   : gpio.obj (.text:GPIOIntStatus)
                  0000276e    0000000e     rtsv7M4_T_le_v4SPD16_eabi.lib : copy_decompress_none.c.obj (.text:decompress:none:__TI_decompress_none)
                  0000277c    0000000c     driverlib.lib : cpu.obj (.text:CPUcpsid)
                  00002788    0000000c                   : cpu.obj (.text:CPUcpsie)
                  00002794    0000000c                   : gpio.obj (.text:GPIOIntEnable)
                  000027a0    0000000c     tm4c123gh6pm_startup_ccs.obj (.text)
                  000027ac    0000000a     driverlib.lib : i2c.obj (.text:I2CMasterEnable)
                  000027b6    0000000a                   : uart.obj (.text:UARTCharPut)
                  000027c0    00000008                   : i2c.obj (.text:I2CMasterBusy)
                  000027c8    00000008                   : i2c.obj (.text:I2CMasterSlaveAddrSet)
                  000027d0    00000006                   : gpio.obj (.text:GPIOIntClear)
                  000027d6    00000006                   : gpio.obj (.text:GPIOPinRead)
                  000027dc    00000006                   : gpio.obj (.text:GPIOPinWrite)
                  000027e2    00000006                   : sysctl.obj (.text:SysCtlDelay)
                  000027e8    00000004                   : i2c.obj (.text:I2CMasterControl)
                  000027ec    00000004                   : i2c.obj (.text:I2CMasterDataGet)
                  000027f0    00000004                   : i2c.obj (.text:I2CMasterDataPut)
                  000027f4    00000004     rtsv7M4_T_le_v4SPD16_eabi.lib : pre_init.c.obj (.text:_system_pre_init)
                  000027f8    00000004                                   : exit.c.obj (.text:abort:abort)

.const     0    000027fc    0000113c     
                  000027fc    000004b0     interrupts.obj (.const:LED_HC)
                  00002cac    0000044c     interrupts.obj (.const:LED_MAP)
                  000030f8    00000190     uart_out.obj (.const:$P$T2$3)
                  00003288    00000190     uart_out.obj (.const:$P$T3$4)
                  00003418    0000017c     uart_out.obj (.const:$P$T1$2)
                  00003594    000000d8     driverlib.lib : gpio.obj (.const:g_ppui32GPIOIntMapSnowflake)
                  0000366c    000000c0                   : gpio.obj (.const:g_ppui32GPIOIntMapBlizzard)
                  0000372c    000000a0     uart_out.obj (.const:$P$T0$1)
                  000037cc    00000090     driverlib.lib : gpio.obj (.const:g_pui32GPIOBaseAddrs)
                  0000385c    00000070                   : interrupt.obj (.const)
                  000038cc    0000006c                   : sysctl.obj (.const:g_pui32Xtals)

.cinit     0    00003938    00000030     
                  00003938    0000000c     (__TI_handler_table)
                  00003944    0000000b     (.cinit..data.load) [load image, compression = lzss]
                  0000394f    00000001     --HOLE-- [fill = 0]
                  00003950    00000008     (.cinit..vtable.load) [load image, compression = zero_init]
                  00003958    00000010     (__TI_cinit_table)

.init_array 
*          0    00000000    00000000     UNINITIALIZED

.vtable    0    20000000    0000026c     UNINITIALIZED
                  20000000    0000026c     driverlib.lib : interrupt.obj (.vtable)

.data      0    20000470    0000000a     UNINITIALIZED
                  20000470    0000000a     main.obj (.data)

.stack     0    20000270    00000200     UNINITIALIZED
                  20000270    00000004     rtsv7M4_T_le_v4SPD16_eabi.lib : boot_cortex_m.c.obj (.stack)
                  20000274    000001fc     --HOLE--

MODULE SUMMARY

       Module                         code   ro data   rw data
       ------                         ----   -------   -------
    .\
       interrupts.obj                 1016   2300      0      
       main.obj                       2520   0         10     
       sseg.obj                       1904   0         0      
       uart_out.obj                   468    1340      0      
       tm4c123gh6pm_startup_ccs.obj   12     620       0      
       setup.obj                      476    0         0      
       led.obj                        444    0         0      
       rtcc.obj                       316    0         0      
       misc.obj                       144    0         0      
    +--+------------------------------+------+---------+---------+
       Total:                         7300   4260      10     
                                                              
    C:/ti/TivaWare_C_Series-2.1.4.178/driverlib/ccs/Debug/driverlib.lib
       gpio.obj                       752    552       0      
       interrupt.obj                  188    112       620    
       sysctl.obj                     654    108       0      
       uart.obj                       132    0         0      
       i2c.obj                        114    0         0      
       cpu.obj                        24     0         0      
    +--+------------------------------+------+---------+---------+
       Total:                         1864   772       620    
                                                              
    C:\ti\ccsv8\tools\compiler\ti-cgt-arm_18.1.4.LTS\lib\rtsv7M4_T_le_v4SPD16_eabi.lib
       memcpy_t2.asm.obj              156    0         0      
       copy_decompress_lzss.c.obj     104    0         0      
       autoinit.c.obj                 68     0         0      
       boot_cortex_m.c.obj            56     0         0      
       strlen.c.obj                   20     0         0      
       copy_zero_init.c.obj           18     0         0      
       copy_decompress_none.c.obj     14     0         0      
       exit.c.obj                     4      0         0      
       pre_init.c.obj                 4      0         0      
    +--+------------------------------+------+---------+---------+
       Total:                         444    0         0      
                                                              
       Stack:                         0      0         512    
       Linker Generated:              0      47        0      
    +--+------------------------------+------+---------+---------+
       Grand Total:                   9608   5079      1142   


LINKER GENERATED COPY TABLES

__TI_cinit_table @ 00003958 records: 2, size/record: 8, table size: 16
	.data: load addr=00003944, load size=0000000b bytes, run addr=20000470, run size=0000000a bytes, compression=lzss
	.vtable: load addr=00003950, load size=00000008 bytes, run addr=20000000, run size=0000026c bytes, compression=zero_init


LINKER GENERATED HANDLER TABLE

__TI_handler_table @ 00003938 records: 3, size/record: 4, table size: 12
	index: 0, handler: __TI_zero_init
	index: 1, handler: __TI_decompress_lzss
	index: 2, handler: __TI_decompress_none


GLOBAL SYMBOLS: SORTED ALPHABETICALLY BY Name 

address   name                          
-------   ----                          
000027f9  C$$EXIT                       
0000277d  CPUcpsid                      
00002789  CPUcpsie                      
00002635  GPIODirModeSet                
000027d1  GPIOIntClear                  
00002753  GPIOIntDisable                
00002795  GPIOIntEnable                 
00002681  GPIOIntRegister               
00002761  GPIOIntStatus                 
00002389  GPIOIntTypeSet                
00001e55  GPIOPadConfigSet              
0000247d  GPIOPinConfigure              
000027d7  GPIOPinRead                   
000026d9  GPIOPinTypeGPIOInput          
00002699  GPIOPinTypeGPIOOutput         
000026eb  GPIOPinTypeI2C                
000026fd  GPIOPinTypeI2CSCL             
0000270f  GPIOPinTypeUART               
000027dd  GPIOPinWrite                  
000013b5  HallEffectSensorHandler       
000027c1  I2CMasterBusy                 
000027e9  I2CMasterControl              
000027ed  I2CMasterDataGet              
000027f1  I2CMasterDataPut              
000027ad  I2CMasterEnable               
00002431  I2CMasterInitExpClk           
000027c9  I2CMasterSlaveAddrSet         
00001df9  I2CReceive                    
00001d19  I2CSend                       
000022b9  IntEnable                     
00002733  IntMasterDisable              
00002743  IntMasterEnable               
000025cd  IntRegister                   
000027fc  LED_HC                        
00002cac  LED_MAP                       
000027a1  ResetISR                      
00001f89  SysCtlClockGet                
00002099  SysCtlClockSet                
000027e3  SysCtlDelay                   
00002601  SysCtlPeripheralEnable        
000023e1  SysCtlPeripheralReset         
000027b7  UARTCharPut                   
000024c5  UARTConfigSetExpClk           
00002661  UARTDisable                   
000026b1  UARTEnable                    
000019f7  UART_OutMonth                 
00001a67  UART_OutString                
00001ad7  UART_OutString2               
00001989  UART_OutWeekDay               
20000470  __STACK_END                   
00000200  __STACK_SIZE                  
20000470  __STACK_TOP                   
00003958  __TI_CINIT_Base               
00003968  __TI_CINIT_Limit              
00003938  __TI_Handler_Table_Base       
00003944  __TI_Handler_Table_Limit      
00002551  __TI_auto_init_nobinit_nopinit
00002321  __TI_decompress_lzss          
0000276f  __TI_decompress_none          
ffffffff  __TI_pprof_out_hndl           
ffffffff  __TI_prof_data_size           
ffffffff  __TI_prof_data_start          
00000000  __TI_static_base__            
00002721  __TI_zero_init_nomemset       
0000218d  __aeabi_memcpy                
0000218d  __aeabi_memcpy4               
0000218d  __aeabi_memcpy8               
ffffffff  __binit__                     
ffffffff  __c_args__                    
UNDEFED   __mpu_init                    
20000270  __stack                       
00002595  _c_int00_noargs               
UNDEFED   _system_post_cinit            
000027f5  _system_pre_init              
000027f9  abort                         
00001b5d  adjust_brightness             
0000224f  bcd_to_dec                    
ffffffff  binit                         
00000b8f  button_poll                   
00002229  dec_to_bcd                    
0000226f  delay_ms                      
00002289  delay_us                      
20000471  display_toggle                
20000000  g_pfnRAMVectors               
00000000  g_pfnVectors                  
20000478  hour                          
000022a1  hour_reg_mask                 
20000474  led_value                     
0000026d  main                          
0000218d  memcpy                        
20000479  minute                        
20000470  rotation_count                
00001c13  send_color                    
000017ad  setup                         
0000134f  sseg_clear                    
00000d55  sseg_decoder                  
00000d25  sseg_digit_clear              
00000cc9  sseg_digit_select             
00000c45  sseg_message                  
000026c5  strlen                        


GLOBAL SYMBOLS: SORTED BY Symbol Address 

address   name                          
-------   ----                          
00000000  __TI_static_base__            
00000000  g_pfnVectors                  
00000200  __STACK_SIZE                  
0000026d  main                          
00000b8f  button_poll                   
00000c45  sseg_message                  
00000cc9  sseg_digit_select             
00000d25  sseg_digit_clear              
00000d55  sseg_decoder                  
0000134f  sseg_clear                    
000013b5  HallEffectSensorHandler       
000017ad  setup                         
00001989  UART_OutWeekDay               
000019f7  UART_OutMonth                 
00001a67  UART_OutString                
00001ad7  UART_OutString2               
00001b5d  adjust_brightness             
00001c13  send_color                    
00001d19  I2CSend                       
00001df9  I2CReceive                    
00001e55  GPIOPadConfigSet              
00001f89  SysCtlClockGet                
00002099  SysCtlClockSet                
0000218d  __aeabi_memcpy                
0000218d  __aeabi_memcpy4               
0000218d  __aeabi_memcpy8               
0000218d  memcpy                        
00002229  dec_to_bcd                    
0000224f  bcd_to_dec                    
0000226f  delay_ms                      
00002289  delay_us                      
000022a1  hour_reg_mask                 
000022b9  IntEnable                     
00002321  __TI_decompress_lzss          
00002389  GPIOIntTypeSet                
000023e1  SysCtlPeripheralReset         
00002431  I2CMasterInitExpClk           
0000247d  GPIOPinConfigure              
000024c5  UARTConfigSetExpClk           
00002551  __TI_auto_init_nobinit_nopinit
00002595  _c_int00_noargs               
000025cd  IntRegister                   
00002601  SysCtlPeripheralEnable        
00002635  GPIODirModeSet                
00002661  UARTDisable                   
00002681  GPIOIntRegister               
00002699  GPIOPinTypeGPIOOutput         
000026b1  UARTEnable                    
000026c5  strlen                        
000026d9  GPIOPinTypeGPIOInput          
000026eb  GPIOPinTypeI2C                
000026fd  GPIOPinTypeI2CSCL             
0000270f  GPIOPinTypeUART               
00002721  __TI_zero_init_nomemset       
00002733  IntMasterDisable              
00002743  IntMasterEnable               
00002753  GPIOIntDisable                
00002761  GPIOIntStatus                 
0000276f  __TI_decompress_none          
0000277d  CPUcpsid                      
00002789  CPUcpsie                      
00002795  GPIOIntEnable                 
000027a1  ResetISR                      
000027ad  I2CMasterEnable               
000027b7  UARTCharPut                   
000027c1  I2CMasterBusy                 
000027c9  I2CMasterSlaveAddrSet         
000027d1  GPIOIntClear                  
000027d7  GPIOPinRead                   
000027dd  GPIOPinWrite                  
000027e3  SysCtlDelay                   
000027e9  I2CMasterControl              
000027ed  I2CMasterDataGet              
000027f1  I2CMasterDataPut              
000027f5  _system_pre_init              
000027f9  C$$EXIT                       
000027f9  abort                         
000027fc  LED_HC                        
00002cac  LED_MAP                       
00003938  __TI_Handler_Table_Base       
00003944  __TI_Handler_Table_Limit      
00003958  __TI_CINIT_Base               
00003968  __TI_CINIT_Limit              
20000000  g_pfnRAMVectors               
20000270  __stack                       
20000470  __STACK_END                   
20000470  __STACK_TOP                   
20000470  rotation_count                
20000471  display_toggle                
20000474  led_value                     
20000478  hour                          
20000479  minute                        
ffffffff  __TI_pprof_out_hndl           
ffffffff  __TI_prof_data_size           
ffffffff  __TI_prof_data_start          
ffffffff  __binit__                     
ffffffff  __c_args__                    
ffffffff  binit                         
UNDEFED   __mpu_init                    
UNDEFED   _system_post_cinit            

[100 symbols]
