******************************************************************************
                  TI ARM Linker PC v18.1.4                     
******************************************************************************
>> Linked Mon Aug  5 17:57:18 2019

OUTPUT FILE NAME:   <SP_LED.ROTATEv2.out>
ENTRY POINT SYMBOL: "_c_int00_noinit_noargs"  address: 00001f41


MEMORY CONFIGURATION

         name            origin    length      used     unused   attr    fill
----------------------  --------  ---------  --------  --------  ----  --------
  FLASH                 00000000   00040000  000026d2  0003d92e  R  X
  SRAM                  20000000   00008000  00000200  00007e00  RW X


SEGMENT ALLOCATION MAP

run origin  load origin   length   init length attrs members
----------  ----------- ---------- ----------- ----- -------
00000000    00000000    000026d4   000026d4    r-x
  00000000    00000000    0000026c   0000026c    r-- .intvecs
  0000026c    0000026c    00001e2e   00001e2e    r-x .text
  0000209c    0000209c    00000638   00000638    r-- .const
20000000    20000000    00000200   00000000    rw-
  20000000    20000000    00000200   00000000    rw- .stack


SECTION ALLOCATION MAP

 output                                  attributes/
section   page    origin      length       input sections
--------  ----  ----------  ----------   ----------------
.intvecs   0    00000000    0000026c     
                  00000000    0000026c     tm4c123gh6pm_startup_ccs.obj (.intvecs)

.text      0    0000026c    00001e2e     
                  0000026c    0000094c     main.obj (.text)
                  00000bb8    00000770     sseg.obj (.text)
                  00001328    000001d4     uart_out.obj (.text)
                  000014fc    000001bc     led.obj (.text)
                  000016b8    0000019c     setup.obj (.text)
                  00001854    0000013c     rtcc.obj (.text)
                  00001990    00000132     driverlib.lib : gpio.obj (.text:GPIOPadConfigSet)
                  00001ac2    00000002     --HOLE-- [fill = 0]
                  00001ac4    00000110                   : sysctl.obj (.text:SysCtlClockGet)
                  00001bd4    000000f4                   : sysctl.obj (.text:SysCtlClockSet)
                  00001cc8    0000009c     rtsv7M4_T_le_v4SPD16_eabi.lib : memcpy_t2.asm.obj (.text)
                  00001d64    0000007c     misc.obj (.text)
                  00001de0    00000050     driverlib.lib : sysctl.obj (.text:SysCtlPeripheralReset)
                  00001e30    0000004c                   : i2c.obj (.text:I2CMasterInitExpClk)
                  00001e7c    00000048                   : gpio.obj (.text:GPIOPinConfigure)
                  00001ec4    00000046                   : uart.obj (.text:UARTConfigSetExpClk)
                  00001f0a    00000002     --HOLE-- [fill = 0]
                  00001f0c    00000034                   : sysctl.obj (.text:SysCtlPeripheralEnable)
                  00001f40    00000030     rtsv7M4_T_le_v4SPD16_eabi.lib : boot_cortex_m.c.obj (.text:_c_int00_noinit_noargs:_c_int00_noinit_noargs)
                  00001f70    0000002a     driverlib.lib : gpio.obj (.text:GPIODirModeSet)
                  00001f9a    00000002     --HOLE-- [fill = 0]
                  00001f9c    00000020                   : uart.obj (.text:UARTDisable)
                  00001fbc    00000018                   : gpio.obj (.text:GPIOPinTypeGPIOOutput)
                  00001fd4    00000014                   : uart.obj (.text:UARTEnable)
                  00001fe8    00000014     rtsv7M4_T_le_v4SPD16_eabi.lib : strlen.c.obj (.text:strlen)
                  00001ffc    00000012     driverlib.lib : gpio.obj (.text:GPIOPinTypeGPIOInput)
                  0000200e    00000012                   : gpio.obj (.text:GPIOPinTypeI2C)
                  00002020    00000012                   : gpio.obj (.text:GPIOPinTypeI2CSCL)
                  00002032    00000012                   : gpio.obj (.text:GPIOPinTypeUART)
                  00002044    0000000c     tm4c123gh6pm_startup_ccs.obj (.text)
                  00002050    0000000a     driverlib.lib : i2c.obj (.text:I2CMasterEnable)
                  0000205a    0000000a                   : uart.obj (.text:UARTCharPut)
                  00002064    00000008                   : i2c.obj (.text:I2CMasterBusy)
                  0000206c    00000008                   : i2c.obj (.text:I2CMasterSlaveAddrSet)
                  00002074    00000006                   : gpio.obj (.text:GPIOPinRead)
                  0000207a    00000006                   : gpio.obj (.text:GPIOPinWrite)
                  00002080    00000006                   : sysctl.obj (.text:SysCtlDelay)
                  00002086    00000004                   : i2c.obj (.text:I2CMasterControl)
                  0000208a    00000004                   : i2c.obj (.text:I2CMasterDataGet)
                  0000208e    00000004                   : i2c.obj (.text:I2CMasterDataPut)
                  00002092    00000004     rtsv7M4_T_le_v4SPD16_eabi.lib : pre_init.c.obj (.text:_system_pre_init)
                  00002096    00000004                                   : exit.c.obj (.text:abort:abort)

.const     0    0000209c    00000638     
                  0000209c    00000190     uart_out.obj (.const:$P$T2$3)
                  0000222c    00000190     uart_out.obj (.const:$P$T3$4)
                  000023bc    0000017c     uart_out.obj (.const:$P$T1$2)
                  00002538    000000a0     uart_out.obj (.const:$P$T0$1)
                  000025d8    00000090     driverlib.lib : gpio.obj (.const:g_pui32GPIOBaseAddrs)
                  00002668    0000006c                   : sysctl.obj (.const:g_pui32Xtals)

.cinit     0    00000000    00000000     UNINITIALIZED

.init_array 
*          0    00000000    00000000     UNINITIALIZED

.stack     0    20000000    00000200     UNINITIALIZED
                  20000000    00000004     rtsv7M4_T_le_v4SPD16_eabi.lib : boot_cortex_m.c.obj (.stack)
                  20000004    000001fc     --HOLE--

MODULE SUMMARY

       Module                         code   ro data   rw data
       ------                         ----   -------   -------
    .\
       main.obj                       2380   0         0      
       sseg.obj                       1904   0         0      
       uart_out.obj                   468    1340      0      
       tm4c123gh6pm_startup_ccs.obj   12     620       0      
       led.obj                        444    0         0      
       setup.obj                      412    0         0      
       rtcc.obj                       316    0         0      
       misc.obj                       124    0         0      
    +--+------------------------------+------+---------+---------+
       Total:                         6060   1960      0      
                                                              
    C:/ti/TivaWare_C_Series-2.1.4.178/driverlib/ccs/Debug/driverlib.lib
       sysctl.obj                     654    108       0      
       gpio.obj                       528    144       0      
       uart.obj                       132    0         0      
       i2c.obj                        114    0         0      
    +--+------------------------------+------+---------+---------+
       Total:                         1428   252       0      
                                                              
    C:\ti\ccsv8\tools\compiler\ti-cgt-arm_18.1.4.LTS\lib\rtsv7M4_T_le_v4SPD16_eabi.lib
       memcpy_t2.asm.obj              156    0         0      
       boot_cortex_m.c.obj            48     0         0      
       strlen.c.obj                   20     0         0      
       exit.c.obj                     4      0         0      
       pre_init.c.obj                 4      0         0      
    +--+------------------------------+------+---------+---------+
       Total:                         232    0         0      
                                                              
       Stack:                         0      0         512    
    +--+------------------------------+------+---------+---------+
       Grand Total:                   7720   2212      512    


GLOBAL SYMBOLS: SORTED ALPHABETICALLY BY Name 

address   name                  
-------   ----                  
00002097  C$$EXIT               
00001f71  GPIODirModeSet        
00001991  GPIOPadConfigSet      
00001e7d  GPIOPinConfigure      
00002075  GPIOPinRead           
00001ffd  GPIOPinTypeGPIOInput  
00001fbd  GPIOPinTypeGPIOOutput 
0000200f  GPIOPinTypeI2C        
00002021  GPIOPinTypeI2CSCL     
00002033  GPIOPinTypeUART       
0000207b  GPIOPinWrite          
00002065  I2CMasterBusy         
00002087  I2CMasterControl      
0000208b  I2CMasterDataGet      
0000208f  I2CMasterDataPut      
00002051  I2CMasterEnable       
00001e31  I2CMasterInitExpClk   
0000206d  I2CMasterSlaveAddrSet 
00001935  I2CReceive            
00001855  I2CSend               
00002045  ResetISR              
00001ac5  SysCtlClockGet        
00001bd5  SysCtlClockSet        
00002081  SysCtlDelay           
00001f0d  SysCtlPeripheralEnable
00001de1  SysCtlPeripheralReset 
0000205b  UARTCharPut           
00001ec5  UARTConfigSetExpClk   
00001f9d  UARTDisable           
00001fd5  UARTEnable            
00001397  UART_OutMonth         
00001407  UART_OutString        
00001477  UART_OutString2       
00001329  UART_OutWeekDay       
20000200  __STACK_END           
00000200  __STACK_SIZE          
20000200  __STACK_TOP           
ffffffff  __TI_pprof_out_hndl   
ffffffff  __TI_prof_data_size   
ffffffff  __TI_prof_data_start  
00000000  __TI_static_base__    
00001cc9  __aeabi_memcpy        
00001cc9  __aeabi_memcpy4       
00001cc9  __aeabi_memcpy8       
ffffffff  __binit__             
ffffffff  __c_args__            
UNDEFED   __mpu_init            
20000000  __stack               
00001f41  _c_int00_noinit_noargs
00002093  _system_pre_init      
00002097  abort                 
000014fd  adjust_brightness     
00001d8b  bcd_to_dec            
ffffffff  binit                 
00000b09  button_poll           
00001d65  dec_to_bcd            
00001dab  delay_ms              
00001dc5  delay_us              
00000000  g_pfnVectors          
0000026d  main                  
00001cc9  memcpy                
000015b3  send_color            
000016b9  setup                 
000012c3  sseg_clear            
00000cc9  sseg_decoder          
00000c99  sseg_digit_clear      
00000c3d  sseg_digit_select     
00000bb9  sseg_message          
00001fe9  strlen                


GLOBAL SYMBOLS: SORTED BY Symbol Address 

address   name                  
-------   ----                  
00000000  __TI_static_base__    
00000000  g_pfnVectors          
00000200  __STACK_SIZE          
0000026d  main                  
00000b09  button_poll           
00000bb9  sseg_message          
00000c3d  sseg_digit_select     
00000c99  sseg_digit_clear      
00000cc9  sseg_decoder          
000012c3  sseg_clear            
00001329  UART_OutWeekDay       
00001397  UART_OutMonth         
00001407  UART_OutString        
00001477  UART_OutString2       
000014fd  adjust_brightness     
000015b3  send_color            
000016b9  setup                 
00001855  I2CSend               
00001935  I2CReceive            
00001991  GPIOPadConfigSet      
00001ac5  SysCtlClockGet        
00001bd5  SysCtlClockSet        
00001cc9  __aeabi_memcpy        
00001cc9  __aeabi_memcpy4       
00001cc9  __aeabi_memcpy8       
00001cc9  memcpy                
00001d65  dec_to_bcd            
00001d8b  bcd_to_dec            
00001dab  delay_ms              
00001dc5  delay_us              
00001de1  SysCtlPeripheralReset 
00001e31  I2CMasterInitExpClk   
00001e7d  GPIOPinConfigure      
00001ec5  UARTConfigSetExpClk   
00001f0d  SysCtlPeripheralEnable
00001f41  _c_int00_noinit_noargs
00001f71  GPIODirModeSet        
00001f9d  UARTDisable           
00001fbd  GPIOPinTypeGPIOOutput 
00001fd5  UARTEnable            
00001fe9  strlen                
00001ffd  GPIOPinTypeGPIOInput  
0000200f  GPIOPinTypeI2C        
00002021  GPIOPinTypeI2CSCL     
00002033  GPIOPinTypeUART       
00002045  ResetISR              
00002051  I2CMasterEnable       
0000205b  UARTCharPut           
00002065  I2CMasterBusy         
0000206d  I2CMasterSlaveAddrSet 
00002075  GPIOPinRead           
0000207b  GPIOPinWrite          
00002081  SysCtlDelay           
00002087  I2CMasterControl      
0000208b  I2CMasterDataGet      
0000208f  I2CMasterDataPut      
00002093  _system_pre_init      
00002097  C$$EXIT               
00002097  abort                 
20000000  __stack               
20000200  __STACK_END           
20000200  __STACK_TOP           
ffffffff  __TI_pprof_out_hndl   
ffffffff  __TI_prof_data_size   
ffffffff  __TI_prof_data_start  
ffffffff  __binit__             
ffffffff  __c_args__            
ffffffff  binit                 
UNDEFED   __mpu_init            

[69 symbols]
