******************************************************************************
                  TI ARM Linker PC v18.1.4                     
******************************************************************************
>> Linked Sun Sep 15 22:52:17 2019

OUTPUT FILE NAME:   <SP_LED.ROTATEv2.out>
ENTRY POINT SYMBOL: "_c_int00_noargs"  address: 0000243d


MEMORY CONFIGURATION

         name            origin    length      used     unused   attr    fill
----------------------  --------  ---------  --------  --------  ----  --------
  FLASH                 00000000   00040000  0000316c  0003ce94  R  X
  SRAM                  20000000   00008000  00000474  00007b8c  RW X


SEGMENT ALLOCATION MAP

run origin  load origin   length   init length attrs members
----------  ----------- ---------- ----------- ----- -------
00000000    00000000    00003170   00003170    r-x
  00000000    00000000    0000026c   0000026c    r-- .intvecs
  0000026c    0000026c    00002438   00002438    r-x .text
  000026a4    000026a4    00000a98   00000a98    r-- .const
  00003140    00003140    00000030   00000030    r-- .cinit
20000000    20000000    00000478   00000000    rw-
  20000000    20000000    0000026c   00000000    rw- .vtable
  20000270    20000270    00000200   00000000    rw- .stack
  20000470    20000470    00000008   00000000    rw- .data


SECTION ALLOCATION MAP

 output                                  attributes/
section   page    origin      length       input sections
--------  ----  ----------  ----------   ----------------
.intvecs   0    00000000    0000026c     
                  00000000    0000026c     tm4c123gh6pm_startup_ccs.obj (.intvecs)

.text      0    0000026c    00002438     
                  0000026c    0000096c     main.obj (.text)
                  00000bd8    00000770     sseg.obj (.text)
                  00001348    0000030c     interrupts.obj (.text)
                  00001654    000001dc     setup.obj (.text)
                  00001830    000001d4     uart_out.obj (.text)
                  00001a04    000001bc     led.obj (.text)
                  00001bc0    0000013c     rtcc.obj (.text)
                  00001cfc    00000132     driverlib.lib : gpio.obj (.text:GPIOPadConfigSet)
                  00001e2e    00000002     --HOLE-- [fill = 0]
                  00001e30    00000110                   : sysctl.obj (.text:SysCtlClockGet)
                  00001f40    000000f4                   : sysctl.obj (.text:SysCtlClockSet)
                  00002034    0000009c     rtsv7M4_T_le_v4SPD16_eabi.lib : memcpy_t2.asm.obj (.text)
                  000020d0    00000090     misc.obj (.text)
                  00002160    00000068     driverlib.lib : interrupt.obj (.text:IntEnable)
                  000021c8    00000068     rtsv7M4_T_le_v4SPD16_eabi.lib : copy_decompress_lzss.c.obj (.text:decompress:lzss:__TI_decompress_lzss)
                  00002230    00000056     driverlib.lib : gpio.obj (.text:GPIOIntTypeSet)
                  00002286    00000002     --HOLE-- [fill = 0]
                  00002288    00000050                   : sysctl.obj (.text:SysCtlPeripheralReset)
                  000022d8    0000004c                   : i2c.obj (.text:I2CMasterInitExpClk)
                  00002324    00000048                   : gpio.obj (.text:GPIOPinConfigure)
                  0000236c    00000046                   : uart.obj (.text:UARTConfigSetExpClk)
                  000023b2    00000002     --HOLE-- [fill = 0]
                  000023b4    00000044                   : gpio.obj (.text:_GPIOIntNumberGet)
                  000023f8    00000044     rtsv7M4_T_le_v4SPD16_eabi.lib : autoinit.c.obj (.text:__TI_auto_init_nobinit_nopinit:__TI_auto_init_nobinit_nopinit)
                  0000243c    00000038                                   : boot_cortex_m.c.obj (.text:_c_int00_noargs:_c_int00_noargs)
                  00002474    00000034     driverlib.lib : interrupt.obj (.text:IntRegister)
                  000024a8    00000034                   : sysctl.obj (.text:SysCtlPeripheralEnable)
                  000024dc    0000002a                   : gpio.obj (.text:GPIODirModeSet)
                  00002506    00000002     --HOLE-- [fill = 0]
                  00002508    00000020                   : uart.obj (.text:UARTDisable)
                  00002528    00000018                   : gpio.obj (.text:GPIOIntRegister)
                  00002540    00000018                   : gpio.obj (.text:GPIOPinTypeGPIOOutput)
                  00002558    00000014                   : uart.obj (.text:UARTEnable)
                  0000256c    00000014     rtsv7M4_T_le_v4SPD16_eabi.lib : strlen.c.obj (.text:strlen)
                  00002580    00000012     driverlib.lib : gpio.obj (.text:GPIOPinTypeGPIOInput)
                  00002592    00000012                   : gpio.obj (.text:GPIOPinTypeI2C)
                  000025a4    00000012                   : gpio.obj (.text:GPIOPinTypeI2CSCL)
                  000025b6    00000012                   : gpio.obj (.text:GPIOPinTypeUART)
                  000025c8    00000012     rtsv7M4_T_le_v4SPD16_eabi.lib : copy_zero_init.c.obj (.text:decompress:ZI:__TI_zero_init_nomemset:__TI_zero_init_nomemset)
                  000025da    00000010     driverlib.lib : interrupt.obj (.text:IntMasterDisable)
                  000025ea    00000010                   : interrupt.obj (.text:IntMasterEnable)
                  000025fa    0000000e                   : gpio.obj (.text:GPIOIntDisable)
                  00002608    0000000e                   : gpio.obj (.text:GPIOIntStatus)
                  00002616    0000000e     rtsv7M4_T_le_v4SPD16_eabi.lib : copy_decompress_none.c.obj (.text:decompress:none:__TI_decompress_none)
                  00002624    0000000c     driverlib.lib : cpu.obj (.text:CPUcpsid)
                  00002630    0000000c                   : cpu.obj (.text:CPUcpsie)
                  0000263c    0000000c                   : gpio.obj (.text:GPIOIntEnable)
                  00002648    0000000c     tm4c123gh6pm_startup_ccs.obj (.text)
                  00002654    0000000a     driverlib.lib : i2c.obj (.text:I2CMasterEnable)
                  0000265e    0000000a                   : uart.obj (.text:UARTCharPut)
                  00002668    00000008                   : i2c.obj (.text:I2CMasterBusy)
                  00002670    00000008                   : i2c.obj (.text:I2CMasterSlaveAddrSet)
                  00002678    00000006                   : gpio.obj (.text:GPIOIntClear)
                  0000267e    00000006                   : gpio.obj (.text:GPIOPinRead)
                  00002684    00000006                   : gpio.obj (.text:GPIOPinWrite)
                  0000268a    00000006                   : sysctl.obj (.text:SysCtlDelay)
                  00002690    00000004                   : i2c.obj (.text:I2CMasterControl)
                  00002694    00000004                   : i2c.obj (.text:I2CMasterDataGet)
                  00002698    00000004                   : i2c.obj (.text:I2CMasterDataPut)
                  0000269c    00000004     rtsv7M4_T_le_v4SPD16_eabi.lib : pre_init.c.obj (.text:_system_pre_init)
                  000026a0    00000004                                   : exit.c.obj (.text:abort:abort)

.const     0    000026a4    00000a98     
                  000026a4    00000190     uart_out.obj (.const:$P$T2$3)
                  00002834    00000190     uart_out.obj (.const:$P$T3$4)
                  000029c4    0000017c     uart_out.obj (.const:$P$T1$2)
                  00002b40    000000d8     driverlib.lib : gpio.obj (.const:g_ppui32GPIOIntMapSnowflake)
                  00002c18    000000c0                   : gpio.obj (.const:g_ppui32GPIOIntMapBlizzard)
                  00002cd8    000000a0     uart_out.obj (.const:$P$T0$1)
                  00002d78    00000090     driverlib.lib : gpio.obj (.const:g_pui32GPIOBaseAddrs)
                  00002e08    00000070                   : interrupt.obj (.const)
                  00002e78    0000006c                   : sysctl.obj (.const:g_pui32Xtals)
                  00002ee4    00000064     interrupts.obj (.const:led_five)
                  00002f48    00000064     interrupts.obj (.const:led_four)
                  00002fac    00000064     interrupts.obj (.const:led_one)
                  00003010    00000064     interrupts.obj (.const:led_three)
                  00003074    00000064     interrupts.obj (.const:led_two)
                  000030d8    00000064     interrupts.obj (.const:led_zero)

.cinit     0    00003140    00000030     
                  00003140    0000000c     (__TI_handler_table)
                  0000314c    0000000b     (.cinit..data.load) [load image, compression = lzss]
                  00003157    00000001     --HOLE-- [fill = 0]
                  00003158    00000008     (.cinit..vtable.load) [load image, compression = zero_init]
                  00003160    00000010     (__TI_cinit_table)

.init_array 
*          0    00000000    00000000     UNINITIALIZED

.vtable    0    20000000    0000026c     UNINITIALIZED
                  20000000    0000026c     driverlib.lib : interrupt.obj (.vtable)

.data      0    20000470    00000008     UNINITIALIZED
                  20000470    00000008     main.obj (.data)

.stack     0    20000270    00000200     UNINITIALIZED
                  20000270    00000004     rtsv7M4_T_le_v4SPD16_eabi.lib : boot_cortex_m.c.obj (.stack)
                  20000274    000001fc     --HOLE--

MODULE SUMMARY

       Module                         code   ro data   rw data
       ------                         ----   -------   -------
    .\
       main.obj                       2412   0         8      
       sseg.obj                       1904   0         0      
       uart_out.obj                   468    1340      0      
       interrupts.obj                 780    600       0      
       tm4c123gh6pm_startup_ccs.obj   12     620       0      
       setup.obj                      476    0         0      
       led.obj                        444    0         0      
       rtcc.obj                       316    0         0      
       misc.obj                       144    0         0      
    +--+------------------------------+------+---------+---------+
       Total:                         6956   2560      8      
                                                              
    C:/ti/TivaWare_C_Series-2.1.4.178/driverlib/ccs/Debug/driverlib.lib
       gpio.obj                       752    552       0      
       interrupt.obj                  188    112       620    
       sysctl.obj                     654    108       0      
       uart.obj                       132    0         0      
       i2c.obj                        114    0         0      
       cpu.obj                        24     0         0      
    +--+------------------------------+------+---------+---------+
       Total:                         1864   772       620    
                                                              
    C:\ti\ccsv8\tools\compiler\ti-cgt-arm_18.1.4.LTS\lib\rtsv7M4_T_le_v4SPD16_eabi.lib
       memcpy_t2.asm.obj              156    0         0      
       copy_decompress_lzss.c.obj     104    0         0      
       autoinit.c.obj                 68     0         0      
       boot_cortex_m.c.obj            56     0         0      
       strlen.c.obj                   20     0         0      
       copy_zero_init.c.obj           18     0         0      
       copy_decompress_none.c.obj     14     0         0      
       exit.c.obj                     4      0         0      
       pre_init.c.obj                 4      0         0      
    +--+------------------------------+------+---------+---------+
       Total:                         444    0         0      
                                                              
       Stack:                         0      0         512    
       Linker Generated:              0      47        0      
    +--+------------------------------+------+---------+---------+
       Grand Total:                   9264   3379      1140   


LINKER GENERATED COPY TABLES

__TI_cinit_table @ 00003160 records: 2, size/record: 8, table size: 16
	.data: load addr=0000314c, load size=0000000b bytes, run addr=20000470, run size=00000008 bytes, compression=lzss
	.vtable: load addr=00003158, load size=00000008 bytes, run addr=20000000, run size=0000026c bytes, compression=zero_init


LINKER GENERATED HANDLER TABLE

__TI_handler_table @ 00003140 records: 3, size/record: 4, table size: 12
	index: 0, handler: __TI_zero_init
	index: 1, handler: __TI_decompress_lzss
	index: 2, handler: __TI_decompress_none


GLOBAL SYMBOLS: SORTED ALPHABETICALLY BY Name 

address   name                          
-------   ----                          
000026a1  C$$EXIT                       
00002625  CPUcpsid                      
00002631  CPUcpsie                      
000024dd  GPIODirModeSet                
00002679  GPIOIntClear                  
000025fb  GPIOIntDisable                
0000263d  GPIOIntEnable                 
00002529  GPIOIntRegister               
00002609  GPIOIntStatus                 
00002231  GPIOIntTypeSet                
00001cfd  GPIOPadConfigSet              
00002325  GPIOPinConfigure              
0000267f  GPIOPinRead                   
00002581  GPIOPinTypeGPIOInput          
00002541  GPIOPinTypeGPIOOutput         
00002593  GPIOPinTypeI2C                
000025a5  GPIOPinTypeI2CSCL             
000025b7  GPIOPinTypeUART               
00002685  GPIOPinWrite                  
00001349  HallEffectSensorHandler       
00002669  I2CMasterBusy                 
00002691  I2CMasterControl              
00002695  I2CMasterDataGet              
00002699  I2CMasterDataPut              
00002655  I2CMasterEnable               
000022d9  I2CMasterInitExpClk           
00002671  I2CMasterSlaveAddrSet         
00001ca1  I2CReceive                    
00001bc1  I2CSend                       
00002161  IntEnable                     
000025db  IntMasterDisable              
000025eb  IntMasterEnable               
00002475  IntRegister                   
00002649  ResetISR                      
00001e31  SysCtlClockGet                
00001f41  SysCtlClockSet                
0000268b  SysCtlDelay                   
000024a9  SysCtlPeripheralEnable        
00002289  SysCtlPeripheralReset         
0000265f  UARTCharPut                   
0000236d  UARTConfigSetExpClk           
00002509  UARTDisable                   
00002559  UARTEnable                    
0000189f  UART_OutMonth                 
0000190f  UART_OutString                
0000197f  UART_OutString2               
00001831  UART_OutWeekDay               
20000470  __STACK_END                   
00000200  __STACK_SIZE                  
20000470  __STACK_TOP                   
00003160  __TI_CINIT_Base               
00003170  __TI_CINIT_Limit              
00003140  __TI_Handler_Table_Base       
0000314c  __TI_Handler_Table_Limit      
000023f9  __TI_auto_init_nobinit_nopinit
000021c9  __TI_decompress_lzss          
00002617  __TI_decompress_none          
ffffffff  __TI_pprof_out_hndl           
ffffffff  __TI_prof_data_size           
ffffffff  __TI_prof_data_start          
00000000  __TI_static_base__            
000025c9  __TI_zero_init_nomemset       
00002035  __aeabi_memcpy                
00002035  __aeabi_memcpy4               
00002035  __aeabi_memcpy8               
ffffffff  __binit__                     
ffffffff  __c_args__                    
UNDEFED   __mpu_init                    
20000270  __stack                       
0000243d  _c_int00_noargs               
UNDEFED   _system_post_cinit            
0000269d  _system_pre_init              
000026a1  abort                         
00001a05  adjust_brightness             
000020f7  bcd_to_dec                    
ffffffff  binit                         
00000b25  button_poll                   
000020d1  dec_to_bcd                    
00002117  delay_ms                      
00002131  delay_us                      
20000471  display_toggle                
20000000  g_pfnRAMVectors               
00000000  g_pfnVectors                  
00002149  hour_reg_mask                 
00002ee4  led_five                      
00002f48  led_four                      
00002fac  led_one                       
00003010  led_three                     
00003074  led_two                       
20000474  led_value                     
000030d8  led_zero                      
0000026d  main                          
00002035  memcpy                        
20000470  rotation_count                
00001abb  send_color                    
00001655  setup                         
000012e3  sseg_clear                    
00000ce9  sseg_decoder                  
00000cb9  sseg_digit_clear              
00000c5d  sseg_digit_select             
00000bd9  sseg_message                  
0000256d  strlen                        


GLOBAL SYMBOLS: SORTED BY Symbol Address 

address   name                          
-------   ----                          
00000000  __TI_static_base__            
00000000  g_pfnVectors                  
00000200  __STACK_SIZE                  
0000026d  main                          
00000b25  button_poll                   
00000bd9  sseg_message                  
00000c5d  sseg_digit_select             
00000cb9  sseg_digit_clear              
00000ce9  sseg_decoder                  
000012e3  sseg_clear                    
00001349  HallEffectSensorHandler       
00001655  setup                         
00001831  UART_OutWeekDay               
0000189f  UART_OutMonth                 
0000190f  UART_OutString                
0000197f  UART_OutString2               
00001a05  adjust_brightness             
00001abb  send_color                    
00001bc1  I2CSend                       
00001ca1  I2CReceive                    
00001cfd  GPIOPadConfigSet              
00001e31  SysCtlClockGet                
00001f41  SysCtlClockSet                
00002035  __aeabi_memcpy                
00002035  __aeabi_memcpy4               
00002035  __aeabi_memcpy8               
00002035  memcpy                        
000020d1  dec_to_bcd                    
000020f7  bcd_to_dec                    
00002117  delay_ms                      
00002131  delay_us                      
00002149  hour_reg_mask                 
00002161  IntEnable                     
000021c9  __TI_decompress_lzss          
00002231  GPIOIntTypeSet                
00002289  SysCtlPeripheralReset         
000022d9  I2CMasterInitExpClk           
00002325  GPIOPinConfigure              
0000236d  UARTConfigSetExpClk           
000023f9  __TI_auto_init_nobinit_nopinit
0000243d  _c_int00_noargs               
00002475  IntRegister                   
000024a9  SysCtlPeripheralEnable        
000024dd  GPIODirModeSet                
00002509  UARTDisable                   
00002529  GPIOIntRegister               
00002541  GPIOPinTypeGPIOOutput         
00002559  UARTEnable                    
0000256d  strlen                        
00002581  GPIOPinTypeGPIOInput          
00002593  GPIOPinTypeI2C                
000025a5  GPIOPinTypeI2CSCL             
000025b7  GPIOPinTypeUART               
000025c9  __TI_zero_init_nomemset       
000025db  IntMasterDisable              
000025eb  IntMasterEnable               
000025fb  GPIOIntDisable                
00002609  GPIOIntStatus                 
00002617  __TI_decompress_none          
00002625  CPUcpsid                      
00002631  CPUcpsie                      
0000263d  GPIOIntEnable                 
00002649  ResetISR                      
00002655  I2CMasterEnable               
0000265f  UARTCharPut                   
00002669  I2CMasterBusy                 
00002671  I2CMasterSlaveAddrSet         
00002679  GPIOIntClear                  
0000267f  GPIOPinRead                   
00002685  GPIOPinWrite                  
0000268b  SysCtlDelay                   
00002691  I2CMasterControl              
00002695  I2CMasterDataGet              
00002699  I2CMasterDataPut              
0000269d  _system_pre_init              
000026a1  C$$EXIT                       
000026a1  abort                         
00002ee4  led_five                      
00002f48  led_four                      
00002fac  led_one                       
00003010  led_three                     
00003074  led_two                       
000030d8  led_zero                      
00003140  __TI_Handler_Table_Base       
0000314c  __TI_Handler_Table_Limit      
00003160  __TI_CINIT_Base               
00003170  __TI_CINIT_Limit              
20000000  g_pfnRAMVectors               
20000270  __stack                       
20000470  __STACK_END                   
20000470  __STACK_TOP                   
20000470  rotation_count                
20000471  display_toggle                
20000474  led_value                     
ffffffff  __TI_pprof_out_hndl           
ffffffff  __TI_prof_data_size           
ffffffff  __TI_prof_data_start          
ffffffff  __binit__                     
ffffffff  __c_args__                    
ffffffff  binit                         
UNDEFED   __mpu_init                    
UNDEFED   _system_post_cinit            

[102 symbols]
