******************************************************************************
                  TI ARM Linker PC v18.1.4                     
******************************************************************************
>> Linked Sat May 25 14:15:34 2019

OUTPUT FILE NAME:   <SPv2.0.out>
ENTRY POINT SYMBOL: "_c_int00_noinit_noargs"  address: 0000077d


MEMORY CONFIGURATION

         name            origin    length      used     unused   attr    fill
----------------------  --------  ---------  --------  --------  ----  --------
  FLASH                 00000000   00040000  0000087a  0003f786  R  X
  SRAM                  20000000   00008000  00000200  00007e00  RW X


SEGMENT ALLOCATION MAP

run origin  load origin   length   init length attrs members
----------  ----------- ---------- ----------- ----- -------
00000000    00000000    0000087c   0000087c    r-x
  00000000    00000000    0000026c   0000026c    r-- .intvecs
  0000026c    0000026c    000005a2   000005a2    r-x .text
  00000810    00000810    0000006c   0000006c    r-- .const
20000000    20000000    00000200   00000000    rw-
  20000000    20000000    00000200   00000000    rw- .stack


SECTION ALLOCATION MAP

 output                                  attributes/
section   page    origin      length       input sections
--------  ----  ----------  ----------   ----------------
.intvecs   0    00000000    0000026c     
                  00000000    0000026c     tm4c123gh6pm_startup_ccs.obj (.intvecs)

.text      0    0000026c    000005a2     
                  0000026c    000001a4     main.obj (.text)
                  00000410    00000132     driverlib.lib : gpio.obj (.text:GPIOPadConfigSet)
                  00000542    00000002     --HOLE-- [fill = 0]
                  00000544    00000110                   : sysctl.obj (.text:SysCtlClockGet)
                  00000654    000000f4                   : sysctl.obj (.text:SysCtlClockSet)
                  00000748    00000034                   : sysctl.obj (.text:SysCtlPeripheralEnable)
                  0000077c    00000030     rtsv7M4_T_le_v4SPD16_eabi.lib : boot_cortex_m.c.obj (.text:_c_int00_noinit_noargs:_c_int00_noinit_noargs)
                  000007ac    0000002a     driverlib.lib : gpio.obj (.text:GPIODirModeSet)
                  000007d6    00000018                   : gpio.obj (.text:GPIOPinTypeGPIOOutput)
                  000007ee    0000000c     tm4c123gh6pm_startup_ccs.obj (.text)
                  000007fa    00000006     driverlib.lib : gpio.obj (.text:GPIOPinWrite)
                  00000800    00000006                   : sysctl.obj (.text:SysCtlDelay)
                  00000806    00000004     rtsv7M4_T_le_v4SPD16_eabi.lib : pre_init.c.obj (.text:_system_pre_init)
                  0000080a    00000004                                   : exit.c.obj (.text:abort:abort)

.const     0    00000810    0000006c     
                  00000810    0000006c     driverlib.lib : sysctl.obj (.const:g_pui32Xtals)

.cinit     0    00000000    00000000     UNINITIALIZED

.init_array 
*          0    00000000    00000000     UNINITIALIZED

.stack     0    20000000    00000200     UNINITIALIZED
                  20000000    00000004     rtsv7M4_T_le_v4SPD16_eabi.lib : boot_cortex_m.c.obj (.stack)
                  20000004    000001fc     --HOLE--

MODULE SUMMARY

       Module                         code   ro data   rw data
       ------                         ----   -------   -------
    .\
       tm4c123gh6pm_startup_ccs.obj   12     620       0      
       main.obj                       420    0         0      
    +--+------------------------------+------+---------+---------+
       Total:                         432    620       0      
                                                              
    C:/ti/TivaWare_C_Series-2.1.4.178/driverlib/ccs/Debug/driverlib.lib
       sysctl.obj                     574    108       0      
       gpio.obj                       378    0         0      
    +--+------------------------------+------+---------+---------+
       Total:                         952    108       0      
                                                              
    C:\ti\ccsv8\tools\compiler\ti-cgt-arm_18.1.4.LTS\lib\rtsv7M4_T_le_v4SPD16_eabi.lib
       boot_cortex_m.c.obj            48     0         0      
       exit.c.obj                     4      0         0      
       pre_init.c.obj                 4      0         0      
    +--+------------------------------+------+---------+---------+
       Total:                         56     0         0      
                                                              
       Stack:                         0      0         512    
    +--+------------------------------+------+---------+---------+
       Grand Total:                   1440   728       512    


GLOBAL SYMBOLS: SORTED ALPHABETICALLY BY Name 

address   name                  
-------   ----                  
0000080b  C$$EXIT               
000007ad  GPIODirModeSet        
00000411  GPIOPadConfigSet      
000007d7  GPIOPinTypeGPIOOutput 
000007fb  GPIOPinWrite          
000007ef  ResetISR              
000002cb  SendColor             
00000545  SysCtlClockGet        
00000655  SysCtlClockSet        
00000801  SysCtlDelay           
00000749  SysCtlPeripheralEnable
20000200  __STACK_END           
00000200  __STACK_SIZE          
20000200  __STACK_TOP           
ffffffff  __TI_pprof_out_hndl   
ffffffff  __TI_prof_data_size   
ffffffff  __TI_prof_data_start  
00000000  __TI_static_base__    
ffffffff  __binit__             
ffffffff  __c_args__            
UNDEFED   __mpu_init            
20000000  __stack               
0000077d  _c_int00_noinit_noargs
00000807  _system_pre_init      
0000080b  abort                 
ffffffff  binit                 
000003cd  delay_ms              
000003e7  delay_us              
00000000  g_pfnVectors          
0000026d  main                  


GLOBAL SYMBOLS: SORTED BY Symbol Address 

address   name                  
-------   ----                  
00000000  __TI_static_base__    
00000000  g_pfnVectors          
00000200  __STACK_SIZE          
0000026d  main                  
000002cb  SendColor             
000003cd  delay_ms              
000003e7  delay_us              
00000411  GPIOPadConfigSet      
00000545  SysCtlClockGet        
00000655  SysCtlClockSet        
00000749  SysCtlPeripheralEnable
0000077d  _c_int00_noinit_noargs
000007ad  GPIODirModeSet        
000007d7  GPIOPinTypeGPIOOutput 
000007ef  ResetISR              
000007fb  GPIOPinWrite          
00000801  SysCtlDelay           
00000807  _system_pre_init      
0000080b  C$$EXIT               
0000080b  abort                 
20000000  __stack               
20000200  __STACK_END           
20000200  __STACK_TOP           
ffffffff  __TI_pprof_out_hndl   
ffffffff  __TI_prof_data_size   
ffffffff  __TI_prof_data_start  
ffffffff  __binit__             
ffffffff  __c_args__            
ffffffff  binit                 
UNDEFED   __mpu_init            

[30 symbols]
